Archive member included to satisfy reference by file (symbol)

c:/siliconlabs/simplicitystudio/v5/developer/toolchains/gnu_arm/7.2_2017q4/bin/../lib/gcc/arm-none-eabi/7.2.1/thumb/v7e-m/fpv4-sp/softfp\libgcc.a(_arm_addsubdf3.o)
                              ./src/SI7021.o (__aeabi_dsub)
c:/siliconlabs/simplicitystudio/v5/developer/toolchains/gnu_arm/7.2_2017q4/bin/../lib/gcc/arm-none-eabi/7.2.1/thumb/v7e-m/fpv4-sp/softfp\libgcc.a(_arm_muldivdf3.o)
                              ./src/SI7021.o (__aeabi_dmul)
c:/siliconlabs/simplicitystudio/v5/developer/toolchains/gnu_arm/7.2_2017q4/bin/../lib/gcc/arm-none-eabi/7.2.1/thumb/v7e-m/fpv4-sp/softfp\libgcc.a(_arm_cmpdf2.o)
                              ./src/battery.o (__aeabi_dcmplt)
c:/siliconlabs/simplicitystudio/v5/developer/toolchains/gnu_arm/7.2_2017q4/bin/../lib/gcc/arm-none-eabi/7.2.1/thumb/v7e-m/fpv4-sp/softfp\libgcc.a(_arm_fixunsdfsi.o)
                              ./src/POV/pov.o (__aeabi_d2uiz)
c:/siliconlabs/simplicitystudio/v5/developer/toolchains/gnu_arm/7.2_2017q4/bin/../lib/gcc/arm-none-eabi/7.2.1/thumb/v7e-m/fpv4-sp/softfp\libgcc.a(_arm_truncdfsf2.o)
                              ./src/SI7021.o (__aeabi_d2f)
c:/siliconlabs/simplicitystudio/v5/developer/toolchains/gnu_arm/7.2_2017q4/bin/../lib/gcc/arm-none-eabi/7.2.1/thumb/v7e-m/fpv4-sp/softfp\libgcc.a(_arm_addsubsf3.o)
                              ./src/bmp280.o (__aeabi_l2f)
c:/siliconlabs/simplicitystudio/v5/developer/toolchains/gnu_arm/7.2_2017q4/bin/../lib/gcc/arm-none-eabi/7.2.1/thumb/v7e-m/fpv4-sp/softfp\libgcc.a(_aeabi_ldivmod.o)
                              ./src/bmp280.o (__aeabi_ldivmod)
c:/siliconlabs/simplicitystudio/v5/developer/toolchains/gnu_arm/7.2_2017q4/bin/../lib/gcc/arm-none-eabi/7.2.1/thumb/v7e-m/fpv4-sp/softfp\libgcc.a(_aeabi_uldivmod.o)
                              ./gecko_sdk_3.1.1/platform/emlib/src/em_usart.o (__aeabi_uldivmod)
c:/siliconlabs/simplicitystudio/v5/developer/toolchains/gnu_arm/7.2_2017q4/bin/../lib/gcc/arm-none-eabi/7.2.1/thumb/v7e-m/fpv4-sp/softfp\libgcc.a(_udivmoddi4.o)
                              c:/siliconlabs/simplicitystudio/v5/developer/toolchains/gnu_arm/7.2_2017q4/bin/../lib/gcc/arm-none-eabi/7.2.1/thumb/v7e-m/fpv4-sp/softfp\libgcc.a(_aeabi_ldivmod.o) (__udivmoddi4)
c:/siliconlabs/simplicitystudio/v5/developer/toolchains/gnu_arm/7.2_2017q4/bin/../lib/gcc/arm-none-eabi/7.2.1/thumb/v7e-m/fpv4-sp/softfp\libgcc.a(_dvmd_tls.o)
                              c:/siliconlabs/simplicitystudio/v5/developer/toolchains/gnu_arm/7.2_2017q4/bin/../lib/gcc/arm-none-eabi/7.2.1/thumb/v7e-m/fpv4-sp/softfp\libgcc.a(_aeabi_ldivmod.o) (__aeabi_ldiv0)
c:/siliconlabs/simplicitystudio/v5/developer/toolchains/gnu_arm/7.2_2017q4/bin/../lib/gcc/arm-none-eabi/7.2.1/../../../../arm-none-eabi/lib/thumb/v7e-m/fpv4-sp/softfp\libc_nano.a(lib_a-exit.o)
                              c:/siliconlabs/simplicitystudio/v5/developer/toolchains/gnu_arm/7.2_2017q4/bin/../lib/gcc/arm-none-eabi/7.2.1/../../../../arm-none-eabi/lib/thumb/v7e-m/fpv4-sp/softfp/crt0.o (exit)
c:/siliconlabs/simplicitystudio/v5/developer/toolchains/gnu_arm/7.2_2017q4/bin/../lib/gcc/arm-none-eabi/7.2.1/../../../../arm-none-eabi/lib/thumb/v7e-m/fpv4-sp/softfp\libc_nano.a(lib_a-impure.o)
                              c:/siliconlabs/simplicitystudio/v5/developer/toolchains/gnu_arm/7.2_2017q4/bin/../lib/gcc/arm-none-eabi/7.2.1/../../../../arm-none-eabi/lib/thumb/v7e-m/fpv4-sp/softfp\libc_nano.a(lib_a-exit.o) (_global_impure_ptr)
c:/siliconlabs/simplicitystudio/v5/developer/toolchains/gnu_arm/7.2_2017q4/bin/../lib/gcc/arm-none-eabi/7.2.1/../../../../arm-none-eabi/lib/thumb/v7e-m/fpv4-sp/softfp\libc_nano.a(lib_a-init.o)
                              c:/siliconlabs/simplicitystudio/v5/developer/toolchains/gnu_arm/7.2_2017q4/bin/../lib/gcc/arm-none-eabi/7.2.1/../../../../arm-none-eabi/lib/thumb/v7e-m/fpv4-sp/softfp/crt0.o (__libc_init_array)
c:/siliconlabs/simplicitystudio/v5/developer/toolchains/gnu_arm/7.2_2017q4/bin/../lib/gcc/arm-none-eabi/7.2.1/../../../../arm-none-eabi/lib/thumb/v7e-m/fpv4-sp/softfp\libc_nano.a(lib_a-memcpy-stub.o)
                              ./src/POV/pov.o (memcpy)
c:/siliconlabs/simplicitystudio/v5/developer/toolchains/gnu_arm/7.2_2017q4/bin/../lib/gcc/arm-none-eabi/7.2.1/../../../../arm-none-eabi/lib/thumb/v7e-m/fpv4-sp/softfp\libc_nano.a(lib_a-memset.o)
                              c:/siliconlabs/simplicitystudio/v5/developer/toolchains/gnu_arm/7.2_2017q4/bin/../lib/gcc/arm-none-eabi/7.2.1/../../../../arm-none-eabi/lib/thumb/v7e-m/fpv4-sp/softfp/crt0.o (memset)
c:/siliconlabs/simplicitystudio/v5/developer/toolchains/gnu_arm/7.2_2017q4/bin/../lib/gcc/arm-none-eabi/7.2.1/../../../../arm-none-eabi/lib/thumb/v7e-m/fpv4-sp/softfp\libc_nano.a(lib_a-nano-vfprintf_float.o)
                              (_printf_float)
[...]
Memory Configuration

Name             Origin             Length             Attributes
FLASH            0x00000000         0x00100000         xr
RAM              0x20000000         0x00040000         xrw
*default*        0x00000000         0xffffffff

Linker script and memory map

LOAD c:/siliconlabs/simplicitystudio/v5/developer/toolchains/gnu_arm/7.2_2017q4/bin/../lib/gcc/arm-none-eabi/7.2.1/thumb/v7e-m/fpv4-sp/softfp/crti.o
LOAD c:/siliconlabs/simplicitystudio/v5/developer/toolchains/gnu_arm/7.2_2017q4/bin/../lib/gcc/arm-none-eabi/7.2.1/thumb/v7e-m/fpv4-sp/softfp/crtbegin.o
LOAD c:/siliconlabs/simplicitystudio/v5/developer/toolchains/gnu_arm/7.2_2017q4/bin/../lib/gcc/arm-none-eabi/7.2.1/../../../../arm-none-eabi/lib/thumb/v7e-m/fpv4-sp/softfp/crt0.o
START GROUP
LOAD ./autogen/sl_board_default_init.o
LOAD ./autogen/sl_device_init_clocks.o
LOAD ./autogen/sl_event_handler.o
LOAD ./gecko_sdk_3.1.1/hardware/board/src/sl_board_control_gpio.o
LOAD ./gecko_sdk_3.1.1/hardware/board/src/sl_board_init.o
LOAD ./gecko_sdk_3.1.1/hardware/driver/mx25_flash_shutdown/src/sl_mx25_flash_shutdown_usart/sl_mx25_flash_shutdown.o
LOAD ./gecko_sdk_3.1.1/platform/Device/SiliconLabs/EFR32MG12P/Source/GCC/startup_efr32mg12p.o
LOAD ./gecko_sdk_3.1.1/platform/Device/SiliconLabs/EFR32MG12P/Source/system_efr32mg12p.o
LOAD ./gecko_sdk_3.1.1/platform/common/toolchain/src/sl_memory.o
LOAD ./gecko_sdk_3.1.1/platform/emdrv/dmadrv/src/dmadrv.o
LOAD ./gecko_sdk_3.1.1/platform/emlib/src/em_adc.o
LOAD ./gecko_sdk_3.1.1/platform/emlib/src/em_assert.o
LOAD ./gecko_sdk_3.1.1/platform/emlib/src/em_cmu.o
LOAD ./gecko_sdk_3.1.1/platform/emlib/src/em_core.o
LOAD ./gecko_sdk_3.1.1/platform/emlib/src/em_emu.o
LOAD ./gecko_sdk_3.1.1/platform/emlib/src/em_gpio.o
LOAD ./gecko_sdk_3.1.1/platform/emlib/src/em_i2c.o
LOAD ./gecko_sdk_3.1.1/platform/emlib/src/em_ldma.o
LOAD ./gecko_sdk_3.1.1/platform/emlib/src/em_letimer.o
LOAD ./gecko_sdk_3.1.1/platform/emlib/src/em_system.o
LOAD ./gecko_sdk_3.1.1/platform/emlib/src/em_timer.o
LOAD ./gecko_sdk_3.1.1/platform/emlib/src/em_usart.o
LOAD ./gecko_sdk_3.1.1/platform/service/device_init/src/sl_device_init_dcdc_s1.o
LOAD ./gecko_sdk_3.1.1/platform/service/device_init/src/sl_device_init_emu_s1.o
LOAD ./gecko_sdk_3.1.1/platform/service/device_init/src/sl_device_init_hfxo_s1.o
LOAD ./gecko_sdk_3.1.1/platform/service/device_init/src/sl_device_init_lfxo_s1.o
LOAD ./gecko_sdk_3.1.1/platform/service/device_init/src/sl_device_init_nvic.o
LOAD ./gecko_sdk_3.1.1/platform/service/system/src/sl_system_init.o
LOAD ./gecko_sdk_3.1.1/platform/service/system/src/sl_system_process_action.o
LOAD ./gecko_sdk_3.1.1/platform/service/udelay/src/sl_udelay.o
LOAD ./gecko_sdk_3.1.1/platform/service/udelay/src/sl_udelay_armv6m_gcc.o
LOAD ./main.o
LOAD ./src/HW_delay.o
LOAD ./src/SI7021.o
LOAD ./src/adc.o
LOAD ./src/app.o
LOAD ./src/battery.o
LOAD ./src/bmp280.o
LOAD ./src/cmu.o
LOAD ./src/gpio.o
LOAD ./src/i2c.o
LOAD ./src/letimer.o
LOAD ./src/scheduler.o
LOAD ./src/sleep_routines.o
LOAD ./src/timer.o
LOAD ./src/usart.o
LOAD ./src/ws2812b.o
LOAD ./src/POV/font.o
LOAD ./src/POV/pov.o
LOAD c:/siliconlabs/simplicitystudio/v5/developer/toolchains/gnu_arm/7.2_2017q4/bin/../lib/gcc/arm-none-eabi/7.2.1/thumb/v7e-m/fpv4-sp/softfp\libgcc.a
LOAD c:/siliconlabs/simplicitystudio/v5/developer/toolchains/gnu_arm/7.2_2017q4/bin/../lib/gcc/arm-none-eabi/7.2.1/../../../../arm-none-eabi/lib/thumb/v7e-m/fpv4-sp/softfp\libc_nano.a
LOAD c:/siliconlabs/simplicitystudio/v5/developer/toolchains/gnu_arm/7.2_2017q4/bin/../lib/gcc/arm-none-eabi/7.2.1/../../../../arm-none-eabi/lib/thumb/v7e-m/fpv4-sp/softfp\libm.a
LOAD c:/siliconlabs/simplicitystudio/v5/developer/toolchains/gnu_arm/7.2_2017q4/bin/../lib/gcc/arm-none-eabi/7.2.1/../../../../arm-none-eabi/lib/thumb/v7e-m/fpv4-sp/softfp\libnosys.a
END GROUP
START GROUP
LOAD c:/siliconlabs/simplicitystudio/v5/developer/toolchains/gnu_arm/7.2_2017q4/bin/../lib/gcc/arm-none-eabi/7.2.1/thumb/v7e-m/fpv4-sp/softfp\libgcc.a
LOAD c:/siliconlabs/simplicitystudio/v5/developer/toolchains/gnu_arm/7.2_2017q4/bin/../lib/gcc/arm-none-eabi/7.2.1/../../../../arm-none-eabi/lib/thumb/v7e-m/fpv4-sp/softfp\libc_nano.a
LOAD c:/siliconlabs/simplicitystudio/v5/developer/toolchains/gnu_arm/7.2_2017q4/bin/../lib/gcc/arm-none-eabi/7.2.1/../../../../arm-none-eabi/lib/thumb/v7e-m/fpv4-sp/softfp\libnosys.a
END GROUP
START GROUP
LOAD c:/siliconlabs/simplicitystudio/v5/developer/toolchains/gnu_arm/7.2_2017q4/bin/../lib/gcc/arm-none-eabi/7.2.1/thumb/v7e-m/fpv4-sp/softfp\libgcc.a
LOAD c:/siliconlabs/simplicitystudio/v5/developer/toolchains/gnu_arm/7.2_2017q4/bin/../lib/gcc/arm-none-eabi/7.2.1/../../../../arm-none-eabi/lib/thumb/v7e-m/fpv4-sp/softfp\libg_nano.a
LOAD c:/siliconlabs/simplicitystudio/v5/developer/toolchains/gnu_arm/7.2_2017q4/bin/../lib/gcc/arm-none-eabi/7.2.1/../../../../arm-none-eabi/lib/thumb/v7e-m/fpv4-sp/softfp\libc_nano.a
END GROUP
START GROUP
LOAD c:/siliconlabs/simplicitystudio/v5/developer/toolchains/gnu_arm/7.2_2017q4/bin/../lib/gcc/arm-none-eabi/7.2.1/thumb/v7e-m/fpv4-sp/softfp\libgcc.a
LOAD c:/siliconlabs/simplicitystudio/v5/developer/toolchains/gnu_arm/7.2_2017q4/bin/../lib/gcc/arm-none-eabi/7.2.1/../../../../arm-none-eabi/lib/thumb/v7e-m/fpv4-sp/softfp\libc_nano.a
END GROUP
LOAD c:/siliconlabs/simplicitystudio/v5/developer/toolchains/gnu_arm/7.2_2017q4/bin/../lib/gcc/arm-none-eabi/7.2.1/thumb/v7e-m/fpv4-sp/softfp/crtend.o
LOAD c:/siliconlabs/simplicitystudio/v5/developer/toolchains/gnu_arm/7.2_2017q4/bin/../lib/gcc/arm-none-eabi/7.2.1/thumb/v7e-m/fpv4-sp/softfp/crtn.o

.text           0x00000000     0xda40
                0x00000000                linker_vectors_begin = .
 *(.vectors)
 .vectors       0x00000000      0x10c ./gecko_sdk_3.1.1/platform/Device/SiliconLabs/EFR32MG12P/Source/GCC/startup_efr32mg12p.o
                0x00000000                __Vectors
                0x0000010c                linker_vectors_end = .
                0x0000010c                __Vectors_End = .
                0x0000010c                __Vectors_Size = (__Vectors_End - __Vectors)
                0x0000010c                linker_code_begin = .
 *(.text*)
 .text          0x0000010c       0x40 c:/siliconlabs/simplicitystudio/v5/developer/toolchains/gnu_arm/7.2_2017q4/bin/../lib/gcc/arm-none-eabi/7.2.1/thumb/v7e-m/fpv4-sp/softfp/crtbegin.o
 .text          0x0000014c       0x74 c:/siliconlabs/simplicitystudio/v5/developer/toolchains/gnu_arm/7.2_2017q4/bin/../lib/gcc/arm-none-eabi/7.2.1/../../../../arm-none-eabi/lib/thumb/v7e-m/fpv4-sp/softfp/crt0.o
                0x0000014c                _start
                0x0000014c                _mainCRTStartup
 .text.sl_board_default_init
                0x000001c0        0x4 ./autogen/sl_board_default_init.o
                0x000001c0                sl_board_default_init
 .text.sl_device_init_clocks
                0x000001c4       0x40 ./autogen/sl_device_init_clocks.o
                0x000001c4                sl_device_init_clocks
 .text.SYSTEM_GetProdRev
                0x00000204       0x10 ./autogen/sl_event_handler.o
 .text.CHIP_Init
                0x00000214       0x94 ./autogen/sl_event_handler.o
 .text.sl_platform_init
                0x000002a8       0x2a ./autogen/sl_event_handler.o
                0x000002a8                sl_platform_init
 .text.sl_driver_init
                0x000002d2        0x4 ./autogen/sl_event_handler.o
                0x000002d2                sl_driver_init
 .text.sl_service_init
                0x000002d6        0x4 ./autogen/sl_event_handler.o
                0x000002d6                sl_service_init
 .text.sl_stack_init
                0x000002da        0x4 ./autogen/sl_event_handler.o
                0x000002da                sl_stack_init
 .text.sl_internal_app_init
                0x000002de        0x4 ./autogen/sl_event_handler.o
                0x000002de                sl_internal_app_init
 .text.sl_platform_process_action
                0x000002e2        0x4 ./autogen/sl_event_handler.o
                0x000002e2                sl_platform_process_action
 .text.sl_service_process_action
                0x000002e6        0x4 ./autogen/sl_event_handler.o
                0x000002e6                sl_service_process_action
 .text.sl_stack_process_action
                0x000002ea        0x4 ./autogen/sl_event_handler.o
                0x000002ea                sl_stack_process_action
 .text.sl_internal_app_process_action
                0x000002ee        0x4 ./autogen/sl_event_handler.o
                0x000002ee                sl_internal_app_process_action
 *fill*         0x000002f2        0x2 
 .text.sl_board_init
                0x000002f4       0x1c ./gecko_sdk_3.1.1/hardware/board/src/sl_board_init.o
                0x000002f4                sl_board_init
 .text.sl_board_preinit
                0x00000310       0x14 ./gecko_sdk_3.1.1/hardware/board/src/sl_board_init.o
                0x00000310                sl_board_preinit
 .text.BUS_RegMaskedSet
                0x00000324       0x1a ./gecko_sdk_3.1.1/hardware/driver/mx25_flash_shutdown/src/sl_mx25_flash_shutdown_usart/sl_mx25_flash_shutdown.o
 .text.BUS_RegMaskedClear
                0x0000033e       0x1a ./gecko_sdk_3.1.1/hardware/driver/mx25_flash_shutdown/src/sl_mx25_flash_shutdown_usart/sl_mx25_flash_shutdown.o
 .text.GPIO_PinOutClear
                0x00000358       0xe8 ./gecko_sdk_3.1.1/hardware/driver/mx25_flash_shutdown/src/sl_mx25_flash_shutdown_usart/sl_mx25_flash_shutdown.o
 .text.GPIO_PinOutSet
                0x00000440       0xe8 ./gecko_sdk_3.1.1/hardware/driver/mx25_flash_shutdown/src/sl_mx25_flash_shutdown_usart/sl_mx25_flash_shutdown.o
 .text.cs_low   0x00000528        0xe ./gecko_sdk_3.1.1/hardware/driver/mx25_flash_shutdown/src/sl_mx25_flash_shutdown_usart/sl_mx25_flash_shutdown.o
 .text.cs_high  0x00000536        0xe ./gecko_sdk_3.1.1/hardware/driver/mx25_flash_shutdown/src/sl_mx25_flash_shutdown_usart/sl_mx25_flash_shutdown.o
 .text.sl_mx25_flash_shutdown
                0x00000544      0x10c ./gecko_sdk_3.1.1/hardware/driver/mx25_flash_shutdown/src/sl_mx25_flash_shutdown_usart/sl_mx25_flash_shutdown.o
                0x00000544                sl_mx25_flash_shutdown
 .text.Reset_Handler
                0x00000650       0x48 ./gecko_sdk_3.1.1/platform/Device/SiliconLabs/EFR32MG12P/Source/GCC/startup_efr32mg12p.o
                0x00000650                Reset_Handler
 .text.Default_Handler
                0x00000698        0x2 ./gecko_sdk_3.1.1/platform/Device/SiliconLabs/EFR32MG12P/Source/GCC/startup_efr32mg12p.o
                0x00000698                DebugMon_Handler
                0x00000698                USART0_TX_IRQHandler
                0x00000698                HardFault_Handler
                0x00000698                SysTick_Handler
                0x00000698                USART1_RX_IRQHandler
                0x00000698                PendSV_Handler
                0x00000698                NMI_Handler
                0x00000698                SYNTH_IRQHandler
                0x00000698                CRYPTO0_IRQHandler
                0x00000698                WDOG0_IRQHandler
                0x00000698                USART1_TX_IRQHandler
                0x00000698                SMU_IRQHandler
                0x00000698                MSC_IRQHandler
                0x00000698                UsageFault_Handler
                0x00000698                WDOG1_IRQHandler
                0x00000698                LEUART0_IRQHandler
                0x00000698                FPUEH_IRQHandler
                0x00000698                VDAC0_IRQHandler
                0x00000698                CSEN_IRQHandler
                0x00000698                CRYPTO1_IRQHandler
                0x00000698                TIMER0_IRQHandler
                0x00000698                PCNT2_IRQHandler
                0x00000698                TIMER1_IRQHandler
                0x00000698                TRNG0_IRQHandler
                0x00000698                RFSENSE_IRQHandler
                0x00000698                BUFC_IRQHandler
                0x00000698                MODEM_IRQHandler
                0x00000698                USART2_RX_IRQHandler
                0x00000698                Default_Handler
                0x00000698                RAC_SEQ_IRQHandler
                0x00000698                FRC_PRI_IRQHandler
                0x00000698                EMU_IRQHandler
                0x00000698                FRC_IRQHandler
                0x00000698                CRYOTIMER_IRQHandler
                0x00000698                PCNT0_IRQHandler
                0x00000698                AGC_IRQHandler
                0x00000698                sl_app_properties
                0x00000698                PCNT1_IRQHandler
                0x00000698                ACMP0_IRQHandler
                0x00000698                USART0_RX_IRQHandler
                0x00000698                MemManage_Handler
                0x00000698                SVC_Handler
                0x00000698                USART3_RX_IRQHandler
                0x00000698                RTCC_IRQHandler
                0x00000698                CMU_IRQHandler
                0x00000698                RAC_RSM_IRQHandler
                0x00000698                LESENSE_IRQHandler
                0x00000698                USART3_TX_IRQHandler
                0x00000698                PROTIMER_IRQHandler
                0x00000698                BusFault_Handler
                0x00000698                IDAC0_IRQHandler
 *fill*         0x0000069a        0x2 
 .text.SystemCoreClockGet
                0x0000069c       0x3c ./gecko_sdk_3.1.1/platform/Device/SiliconLabs/EFR32MG12P/Source/system_efr32mg12p.o
                0x0000069c                SystemCoreClockGet
 .text.SystemMaxCoreClockGet
                0x000006d8        0xc ./gecko_sdk_3.1.1/platform/Device/SiliconLabs/EFR32MG12P/Source/system_efr32mg12p.o
                0x000006d8                SystemMaxCoreClockGet
 .text.SystemHFClockGet
                0x000006e4       0x7c ./gecko_sdk_3.1.1/platform/Device/SiliconLabs/EFR32MG12P/Source/system_efr32mg12p.o
                0x000006e4                SystemHFClockGet
 .text.SystemHFXOClockGet
                0x00000760        0xc ./gecko_sdk_3.1.1/platform/Device/SiliconLabs/EFR32MG12P/Source/system_efr32mg12p.o
                0x00000760                SystemHFXOClockGet
 .text.SystemHFXOClockSet
                0x0000076c       0x30 ./gecko_sdk_3.1.1/platform/Device/SiliconLabs/EFR32MG12P/Source/system_efr32mg12p.o
                0x0000076c                SystemHFXOClockSet
 .text.SystemInit
                0x0000079c       0x24 ./gecko_sdk_3.1.1/platform/Device/SiliconLabs/EFR32MG12P/Source/system_efr32mg12p.o
                0x0000079c                SystemInit
 .text.SystemLFRCOClockGet
                0x000007c0        0x8 ./gecko_sdk_3.1.1/platform/Device/SiliconLabs/EFR32MG12P/Source/system_efr32mg12p.o
                0x000007c0                SystemLFRCOClockGet
 .text.SystemULFRCOClockGet
                0x000007c8        0x8 ./gecko_sdk_3.1.1/platform/Device/SiliconLabs/EFR32MG12P/Source/system_efr32mg12p.o
                0x000007c8                SystemULFRCOClockGet
 .text.SystemLFXOClockGet
                0x000007d0        0xc ./gecko_sdk_3.1.1/platform/Device/SiliconLabs/EFR32MG12P/Source/system_efr32mg12p.o
                0x000007d0                SystemLFXOClockGet
 .text._sbrk    0x000007dc       0x3c ./gecko_sdk_3.1.1/platform/common/toolchain/src/sl_memory.o
                0x000007dc                _sbrk
 .text.DMADRV_AllocateChannel
                0x00000818       0xa0 ./gecko_sdk_3.1.1/platform/emdrv/dmadrv/src/dmadrv.o
                0x00000818                DMADRV_AllocateChannel
 .text.DMADRV_FreeChannel
                0x000008b8       0x74 ./gecko_sdk_3.1.1/platform/emdrv/dmadrv/src/dmadrv.o
                0x000008b8                DMADRV_FreeChannel
 .text.DMADRV_Init
                0x0000092c       0x7c ./gecko_sdk_3.1.1/platform/emdrv/dmadrv/src/dmadrv.o
                0x0000092c                DMADRV_Init
 .text.DMADRV_MemoryPeripheral
                0x000009a8       0x46 ./gecko_sdk_3.1.1/platform/emdrv/dmadrv/src/dmadrv.o
                0x000009a8                DMADRV_MemoryPeripheral
 *fill*         0x000009ee        0x2 
 .text.LDMA_IRQHandler
                0x000009f0       0xe4 ./gecko_sdk_3.1.1/platform/emdrv/dmadrv/src/dmadrv.o
                0x000009f0                LDMA_IRQHandler
 .text.StartTransfer
                0x00000ad4      0x21c ./gecko_sdk_3.1.1/platform/emdrv/dmadrv/src/dmadrv.o
 .text.BUS_RegBitWrite
                0x00000cf0       0x24 ./gecko_sdk_3.1.1/platform/emlib/src/em_adc.o
 .text.BUS_RegMaskedWrite
                0x00000d14       0x34 ./gecko_sdk_3.1.1/platform/emlib/src/em_adc.o
 .text.ADC_LoadDevinfoCal
                0x00000d48      0x1d8 ./gecko_sdk_3.1.1/platform/emlib/src/em_adc.o
 .text.ADC_Init
                0x00000f20      0x144 ./gecko_sdk_3.1.1/platform/emlib/src/em_adc.o
                0x00000f20                ADC_Init
 .text.ADC_InitSingle
                0x00001064      0x174 ./gecko_sdk_3.1.1/platform/emlib/src/em_adc.o
                0x00001064                ADC_InitSingle
 .text.ADC_PrescaleCalc
                0x000011d8       0x6c ./gecko_sdk_3.1.1/platform/emlib/src/em_adc.o
                0x000011d8                ADC_PrescaleCalc
 .text.ADC_TimebaseCalc
                0x00001244       0x50 ./gecko_sdk_3.1.1/platform/emlib/src/em_adc.o
                0x00001244                ADC_TimebaseCalc
 .text.assertEFM
                0x00001294        0x8 ./gecko_sdk_3.1.1/platform/emlib/src/em_assert.o
                0x00001294                assertEFM
 .text.SL_Log2ToDiv
                0x0000129c       0x2c ./gecko_sdk_3.1.1/platform/emlib/src/em_cmu.o
 .text.BUS_RegBitWrite
                0x000012c8       0x24 ./gecko_sdk_3.1.1/platform/emlib/src/em_cmu.o
 .text.BUS_RegBitRead
                0x000012ec       0x20 ./gecko_sdk_3.1.1/platform/emlib/src/em_cmu.o
 .text.EMU_LDOStatusGet
                0x0000130c       0x1c ./gecko_sdk_3.1.1/platform/emlib/src/em_cmu.o
 .text.EMU_VScaleWait
                0x00001328       0x2c ./gecko_sdk_3.1.1/platform/emlib/src/em_cmu.o
 .text.EMU_VScaleGet
                0x00001354       0x1c ./gecko_sdk_3.1.1/platform/emlib/src/em_cmu.o
 .text.setHfLeConfig
                0x00001370       0x64 ./gecko_sdk_3.1.1/platform/emlib/src/em_cmu.o
 .text.auxClkGet
                0x000013d4       0x14 ./gecko_sdk_3.1.1/platform/emlib/src/em_cmu.o
 .text.hfSrcClkGet
                0x000013e8       0x2c ./gecko_sdk_3.1.1/platform/emlib/src/em_cmu.o
 .text.dbgClkGet
                0x00001414       0x50 ./gecko_sdk_3.1.1/platform/emlib/src/em_cmu.o
 .text.adcAsyncClkGet
                0x00001464       0x9c ./gecko_sdk_3.1.1/platform/emlib/src/em_cmu.o
 .text.flashWaitStateControl
                0x00001500       0x94 ./gecko_sdk_3.1.1/platform/emlib/src/em_cmu.o
 .text.flashWaitStateMax
                0x00001594       0x44 ./gecko_sdk_3.1.1/platform/emlib/src/em_cmu.o
 .text.CMU_UpdateWaitStates
                0x000015d8       0x44 ./gecko_sdk_3.1.1/platform/emlib/src/em_cmu.o
                0x000015d8                CMU_UpdateWaitStates
 .text.getRegIshUpperVal
                0x0000161c       0x2c ./gecko_sdk_3.1.1/platform/emlib/src/em_cmu.o
 .text.getHfxoTuningMode
                0x00001648       0x14 ./gecko_sdk_3.1.1/platform/emlib/src/em_cmu.o
 .text.setHfxoTuningMode
                0x0000165c       0x20 ./gecko_sdk_3.1.1/platform/emlib/src/em_cmu.o
 .text.lfClkGet
                0x0000167c      0x110 ./gecko_sdk_3.1.1/platform/emlib/src/em_cmu.o
 .text.syncReg  0x0000178c       0x30 ./gecko_sdk_3.1.1/platform/emlib/src/em_cmu.o
 .text.hfperClkSafePrescaler
                0x000017bc        0x4 ./gecko_sdk_3.1.1/platform/emlib/src/em_cmu.o
 .text.hfperClkOptimizedPrescaler
                0x000017c0        0x4 ./gecko_sdk_3.1.1/platform/emlib/src/em_cmu.o
 .text.CMU_ClockDivGet
                0x000017c4       0x18 ./gecko_sdk_3.1.1/platform/emlib/src/em_cmu.o
                0x000017c4                CMU_ClockDivGet
 .text.CMU_ClockEnable
                0x000017dc       0xdc ./gecko_sdk_3.1.1/platform/emlib/src/em_cmu.o
                0x000017dc                CMU_ClockEnable
 .text.CMU_ClockFreqGet
                0x000018b8      0x23c ./gecko_sdk_3.1.1/platform/emlib/src/em_cmu.o
                0x000018b8                CMU_ClockFreqGet
 .text.CMU_ClockPrescGet
                0x00001af4      0x1bc ./gecko_sdk_3.1.1/platform/emlib/src/em_cmu.o
                0x00001af4                CMU_ClockPrescGet
 .text.CMU_ClockSelectGet
                0x00001cb0      0x204 ./gecko_sdk_3.1.1/platform/emlib/src/em_cmu.o
                0x00001cb0                CMU_ClockSelectGet
 .text.CMU_ClockSelectSet
                0x00001eb4      0x358 ./gecko_sdk_3.1.1/platform/emlib/src/em_cmu.o
                0x00001eb4                CMU_ClockSelectSet
 .text.CMU_HFRCODevinfoGet
                0x0000220c       0xd0 ./gecko_sdk_3.1.1/platform/emlib/src/em_cmu.o
 .text.CMU_HFRCOBandGet
                0x000022dc        0xc ./gecko_sdk_3.1.1/platform/emlib/src/em_cmu.o
                0x000022dc                CMU_HFRCOBandGet
 .text.CMU_HFRCOBandSet
                0x000022e8      0x178 ./gecko_sdk_3.1.1/platform/emlib/src/em_cmu.o
                0x000022e8                CMU_HFRCOBandSet
 .text.CMU_HFXOInit
                0x00002460      0x100 ./gecko_sdk_3.1.1/platform/emlib/src/em_cmu.o
                0x00002460                CMU_HFXOInit
 .text.CMU_LFXOInit
                0x00002560       0x74 ./gecko_sdk_3.1.1/platform/emlib/src/em_cmu.o
                0x00002560                CMU_LFXOInit
 .text.CMU_LFXOPrecisionSet
                0x000025d4       0x1c ./gecko_sdk_3.1.1/platform/emlib/src/em_cmu.o
                0x000025d4                CMU_LFXOPrecisionSet
 .text.CMU_OscillatorEnable
                0x000025f0      0x1d0 ./gecko_sdk_3.1.1/platform/emlib/src/em_cmu.o
                0x000025f0                CMU_OscillatorEnable
 .text.CMU_OscillatorTuningGet
                0x000027c0       0x80 ./gecko_sdk_3.1.1/platform/emlib/src/em_cmu.o
                0x000027c0                CMU_OscillatorTuningGet
 .text.CMU_OscillatorTuningSet
                0x00002840      0x158 ./gecko_sdk_3.1.1/platform/emlib/src/em_cmu.o
                0x00002840                CMU_OscillatorTuningSet
 .text.CMU_OscillatorTuningWait
                0x00002998       0xb8 ./gecko_sdk_3.1.1/platform/emlib/src/em_cmu.o
                0x00002998                CMU_OscillatorTuningWait
 .text.CMU_OscillatorTuningOptimize
                0x00002a50       0x74 ./gecko_sdk_3.1.1/platform/emlib/src/em_cmu.o
                0x00002a50                CMU_OscillatorTuningOptimize
 .text.CORE_EnterCritical
                0x00002ac4       0x16 ./gecko_sdk_3.1.1/platform/emlib/src/em_core.o
                0x00002ac4                CORE_EnterCritical
 .text.CORE_ExitCritical
                0x00002ada       0x12 ./gecko_sdk_3.1.1/platform/emlib/src/em_core.o
                0x00002ada                CORE_ExitCritical
 .text.CORE_EnterAtomic
                0x00002aec       0x1e ./gecko_sdk_3.1.1/platform/emlib/src/em_core.o
                0x00002aec                CORE_EnterAtomic
 .text.CORE_ExitAtomic
                0x00002b0a       0x14 ./gecko_sdk_3.1.1/platform/emlib/src/em_core.o
                0x00002b0a                CORE_ExitAtomic
 .text.BUS_RegBitWrite
                0x00002b1e       0x24 ./gecko_sdk_3.1.1/platform/emlib/src/em_emu.o
 .text.BUS_RegBitRead
                0x00002b42       0x20 ./gecko_sdk_3.1.1/platform/emlib/src/em_emu.o
 *fill*         0x00002b62        0x2 
 .text.EMU_LDOStatusGet
                0x00002b64       0x1c ./gecko_sdk_3.1.1/platform/emlib/src/em_emu.o
 .text.EMU_VScaleWait
                0x00002b80       0x2c ./gecko_sdk_3.1.1/platform/emlib/src/em_emu.o
 .text.EMU_VScaleGet
                0x00002bac       0x1c ./gecko_sdk_3.1.1/platform/emlib/src/em_emu.o
 .text.EMU_IntClear
                0x00002bc8       0x14 ./gecko_sdk_3.1.1/platform/emlib/src/em_emu.o
 .text.EMU_IntGet
                0x00002bdc        0xc ./gecko_sdk_3.1.1/platform/emlib/src/em_emu.o
 .text.EMU_PowerLock
                0x00002be8       0x10 ./gecko_sdk_3.1.1/platform/emlib/src/em_emu.o
 .text.EMU_PowerUnlock
                0x00002bf8       0x10 ./gecko_sdk_3.1.1/platform/emlib/src/em_emu.o
 .text.vScaleEM01Cmd
                0x00002c08       0x1c ./gecko_sdk_3.1.1/platform/emlib/src/em_emu.o
 .text.EMU_VScaleEM01ByClock
                0x00002c24       0x88 ./gecko_sdk_3.1.1/platform/emlib/src/em_emu.o
                0x00002c24                EMU_VScaleEM01ByClock
 .text.EMU_VScaleEM01
                0x00002cac       0xbc ./gecko_sdk_3.1.1/platform/emlib/src/em_emu.o
                0x00002cac                EMU_VScaleEM01
 .text.EMU_EM4Init
                0x00002d68       0x80 ./gecko_sdk_3.1.1/platform/emlib/src/em_emu.o
                0x00002d68                EMU_EM4Init
 .text.dcdcConstCalibrationLoad
                0x00002de8        0x6 ./gecko_sdk_3.1.1/platform/emlib/src/em_emu.o
 *fill*         0x00002dee        0x2 
 .text.dcdcValidatedConfigSet
                0x00002df0       0x40 ./gecko_sdk_3.1.1/platform/emlib/src/em_emu.o
 .text.currentLimitersUpdate
                0x00002e30      0x128 ./gecko_sdk_3.1.1/platform/emlib/src/em_emu.o
 .text.userCurrentLimitsSet
                0x00002f58       0x28 ./gecko_sdk_3.1.1/platform/emlib/src/em_emu.o
 .text.compCtrlSet
                0x00002f80       0x4c ./gecko_sdk_3.1.1/platform/emlib/src/em_emu.o
 .text.lpCmpHystCalibrationLoad
                0x00002fcc       0xf4 ./gecko_sdk_3.1.1/platform/emlib/src/em_emu.o
 .text.lpGetDevinfoVrefLowHigh
                0x000030c0      0x168 ./gecko_sdk_3.1.1/platform/emlib/src/em_emu.o
 .text.EMU_DCDCModeSet
                0x00003228      0x11c ./gecko_sdk_3.1.1/platform/emlib/src/em_emu.o
                0x00003228                EMU_DCDCModeSet
 .text.EMU_DCDCInit
                0x00003344      0x1c8 ./gecko_sdk_3.1.1/platform/emlib/src/em_emu.o
                0x00003344                EMU_DCDCInit
 .text.EMU_DCDCOutputVoltageSet
                0x0000350c      0x2d8 ./gecko_sdk_3.1.1/platform/emlib/src/em_emu.o
                0x0000350c                EMU_DCDCOutputVoltageSet
 .text.EMU_DCDCOptimizeSlice
                0x000037e4       0xe4 ./gecko_sdk_3.1.1/platform/emlib/src/em_emu.o
                0x000037e4                EMU_DCDCOptimizeSlice
 .text.EMU_DCDCLnRcoBandSet
                0x000038c8       0x68 ./gecko_sdk_3.1.1/platform/emlib/src/em_emu.o
                0x000038c8                EMU_DCDCLnRcoBandSet
 .text.BUS_RegBitWrite
                0x00003930       0x24 ./gecko_sdk_3.1.1/platform/emlib/src/em_gpio.o
 .text.BUS_RegMaskedSet
                0x00003954       0x1a ./gecko_sdk_3.1.1/platform/emlib/src/em_gpio.o
 .text.BUS_RegMaskedClear
                0x0000396e       0x1a ./gecko_sdk_3.1.1/platform/emlib/src/em_gpio.o
 .text.BUS_RegMaskedWrite
                0x00003988       0x34 ./gecko_sdk_3.1.1/platform/emlib/src/em_gpio.o
 .text.GPIO_IntClear
                0x000039bc       0x18 ./gecko_sdk_3.1.1/platform/emlib/src/em_gpio.o
 .text.GPIO_PinOutClear
                0x000039d4       0xe8 ./gecko_sdk_3.1.1/platform/emlib/src/em_gpio.o
 .text.GPIO_PinOutSet
                0x00003abc       0xe8 ./gecko_sdk_3.1.1/platform/emlib/src/em_gpio.o
 .text.GPIO_DriveStrengthSet
                0x00003ba4       0xa4 ./gecko_sdk_3.1.1/platform/emlib/src/em_gpio.o
                0x00003ba4                GPIO_DriveStrengthSet
 .text.GPIO_ExtIntConfig
                0x00003c48      0x1c8 ./gecko_sdk_3.1.1/platform/emlib/src/em_gpio.o
                0x00003c48                GPIO_ExtIntConfig
 .text.GPIO_PinModeSet
                0x00003e10      0x1bc ./gecko_sdk_3.1.1/platform/emlib/src/em_gpio.o
                0x00003e10                GPIO_PinModeSet
 .text.I2C_IntClear
                0x00003fcc       0x12 ./gecko_sdk_3.1.1/platform/emlib/src/em_i2c.o
 .text.BUS_RegBitWrite
                0x00003fde       0x24 ./gecko_sdk_3.1.1/platform/emlib/src/em_i2c.o
 .text.BUS_RegMaskedWrite
                0x00004002       0x34 ./gecko_sdk_3.1.1/platform/emlib/src/em_i2c.o
 *fill*         0x00004036        0x2 
 .text.I2C_BusFreqSet
                0x00004038      0x1a4 ./gecko_sdk_3.1.1/platform/emlib/src/em_i2c.o
                0x00004038                I2C_BusFreqSet
 .text.I2C_Enable
                0x000041dc       0x48 ./gecko_sdk_3.1.1/platform/emlib/src/em_i2c.o
                0x000041dc                I2C_Enable
 .text.I2C_Init
                0x00004224       0x7c ./gecko_sdk_3.1.1/platform/emlib/src/em_i2c.o
                0x00004224                I2C_Init
 .text.__NVIC_EnableIRQ
                0x000042a0       0x34 ./gecko_sdk_3.1.1/platform/emlib/src/em_ldma.o
 .text.__NVIC_ClearPendingIRQ
                0x000042d4       0x38 ./gecko_sdk_3.1.1/platform/emlib/src/em_ldma.o
 .text.__NVIC_SetPriority
                0x0000430c       0x50 ./gecko_sdk_3.1.1/platform/emlib/src/em_ldma.o
 .text.BUS_RegMaskedClear
                0x0000435c       0x1a ./gecko_sdk_3.1.1/platform/emlib/src/em_ldma.o
 *fill*         0x00004376        0x2 
 .text.LDMA_Init
                0x00004378       0xdc ./gecko_sdk_3.1.1/platform/emlib/src/em_ldma.o
                0x00004378                LDMA_Init
 .text.LDMA_StartTransfer
                0x00004454      0x240 ./gecko_sdk_3.1.1/platform/emlib/src/em_ldma.o
                0x00004454                LDMA_StartTransfer
 .text.regSync  0x00004694       0x1a ./gecko_sdk_3.1.1/platform/emlib/src/em_letimer.o
 *fill*         0x000046ae        0x2 
 .text.LETIMER_Enable
                0x000046b0       0x4c ./gecko_sdk_3.1.1/platform/emlib/src/em_letimer.o
                0x000046b0                LETIMER_Enable
 .text.LETIMER_Init
                0x000046fc      0x110 ./gecko_sdk_3.1.1/platform/emlib/src/em_letimer.o
                0x000046fc                LETIMER_Init
 .text.TIMER_Valid
                0x0000480c       0x48 ./gecko_sdk_3.1.1/platform/emlib/src/em_timer.o
 .text.TIMER_Init
                0x00004854       0xf8 ./gecko_sdk_3.1.1/platform/emlib/src/em_timer.o
                0x00004854                TIMER_Init
 .text.prsRxInput
                0x0000494c       0x20 ./gecko_sdk_3.1.1/platform/emlib/src/em_usart.o
 .text.USART_BaudrateSyncSet
                0x0000496c       0x6c ./gecko_sdk_3.1.1/platform/emlib/src/em_usart.o
                0x0000496c                USART_BaudrateSyncSet
 .text.USART_Enable
                0x000049d8       0x74 ./gecko_sdk_3.1.1/platform/emlib/src/em_usart.o
                0x000049d8                USART_Enable
 .text.USART_InitSync
                0x00004a4c      0x10c ./gecko_sdk_3.1.1/platform/emlib/src/em_usart.o
                0x00004a4c                USART_InitSync
 .text.USART_Reset
                0x00004b58       0xd8 ./gecko_sdk_3.1.1/platform/emlib/src/em_usart.o
                0x00004b58                USART_Reset
 .text.USART_SpiTransfer
                0x00004c30       0x3a ./gecko_sdk_3.1.1/platform/emlib/src/em_usart.o
                0x00004c30                USART_SpiTransfer
 *fill*         0x00004c6a        0x2 
 .text.sl_device_init_dcdc
                0x00004c6c       0x24 ./gecko_sdk_3.1.1/platform/service/device_init/src/sl_device_init_dcdc_s1.o
                0x00004c6c                sl_device_init_dcdc
 .text.sl_device_init_emu
                0x00004c90       0x42 ./gecko_sdk_3.1.1/platform/service/device_init/src/sl_device_init_emu_s1.o
                0x00004c90                sl_device_init_emu
 *fill*         0x00004cd2        0x2 
 .text.sl_device_init_hfxo
                0x00004cd4       0x94 ./gecko_sdk_3.1.1/platform/service/device_init/src/sl_device_init_hfxo_s1.o
                0x00004cd4                sl_device_init_hfxo
 .text.sl_device_init_lfxo
                0x00004d68       0x34 ./gecko_sdk_3.1.1/platform/service/device_init/src/sl_device_init_lfxo_s1.o
                0x00004d68                sl_device_init_lfxo
 .text.__NVIC_SetPriority
                0x00004d9c       0x50 ./gecko_sdk_3.1.1/platform/service/device_init/src/sl_device_init_nvic.o
 .text.sl_device_init_nvic
                0x00004dec       0x38 ./gecko_sdk_3.1.1/platform/service/device_init/src/sl_device_init_nvic.o
                0x00004dec                sl_device_init_nvic
 .text.sl_system_init
                0x00004e24       0x1a ./gecko_sdk_3.1.1/platform/service/system/src/sl_system_init.o
                0x00004e24                sl_system_init
 .text.sl_system_process_action
                0x00004e3e       0x16 ./gecko_sdk_3.1.1/platform/service/system/src/sl_system_process_action.o
                0x00004e3e                sl_system_process_action
 .text.sl_udelay_wait
                0x00004e54       0x54 ./gecko_sdk_3.1.1/platform/service/udelay/src/sl_udelay.o
                0x00004e54                sl_udelay_wait
 *fill*         0x00004ea8        0x8 
 .text          0x00004eb0        0x8 ./gecko_sdk_3.1.1/platform/service/udelay/src/sl_udelay_armv6m_gcc.o
                0x00004eb0                sli_delay_loop
 .text.main     0x00004eb8       0x1c ./main.o
                0x00004eb8                main
 .text.TIMER_Valid
                0x00004ed4       0x48 ./src/HW_delay.o
 .text.TIMER_Enable
                0x00004f1c       0x44 ./src/HW_delay.o
 .text.timer_delay
                0x00004f60       0xd4 ./src/HW_delay.o
                0x00004f60                timer_delay
 .text.si7021_i2c_open
                0x00005034       0x60 ./src/SI7021.o
                0x00005034                si7021_i2c_open
 .text.si7021_read
                0x00005094       0x4c ./src/SI7021.o
                0x00005094                si7021_read
 .text.si7021_calculate_humidity
                0x000050e0       0x64 ./src/SI7021.o
                0x000050e0                si7021_calculate_humidity
 *fill*         0x00005144        0x4 
 .text.si7021_calculate_temperature
                0x00005148       0x94 ./src/SI7021.o
                0x00005148                si7021_calculate_temperature
 .text.__NVIC_EnableIRQ
                0x000051dc       0x34 ./src/adc.o
 .text.adc_open
                0x00005210       0xf8 ./src/adc.o
                0x00005210                adc_open
 .text.adc_start_conversion
                0x00005308       0x1a ./src/adc.o
                0x00005308                adc_start_conversion
 *fill*         0x00005322        0x2 
 .text.adc_get_last_read
                0x00005324        0xc ./src/adc.o
                0x00005324                adc_get_last_read
 .text.ADC0_IRQHandler
                0x00005330       0x40 ./src/adc.o
                0x00005330                ADC0_IRQHandler
 .text.scheduled_boot_up_cb
                0x00005370       0x2c ./src/app.o
                0x00005370                scheduled_boot_up_cb
 .text.scheduled_letimer_uf_cb
                0x0000539c       0x10 ./src/app.o
                0x0000539c                scheduled_letimer_uf_cb
 .text.scheduled_si7021_humidity_cb
                0x000053ac       0x1a ./src/app.o
                0x000053ac                scheduled_si7021_humidity_cb
 .text.scheduled_si7021_temp_cb
                0x000053c6       0x10 ./src/app.o
                0x000053c6                scheduled_si7021_temp_cb
 .text.scheduled_bmp280_temp_cb
                0x000053d6       0x10 ./src/app.o
                0x000053d6                scheduled_bmp280_temp_cb
 .text.scheduled_bmp280_pressure_cb
                0x000053e6       0x10 ./src/app.o
                0x000053e6                scheduled_bmp280_pressure_cb
 .text.app_peripheral_setup
                0x000053f6       0x30 ./src/app.o
                0x000053f6                app_peripheral_setup
 .text.run_scheduled_events
                0x00005426       0x62 ./src/app.o
                0x00005426                run_scheduled_events
 .text.GPIO_EVEN_IRQHandler
                0x00005488       0x54 ./src/app.o
                0x00005488                GPIO_EVEN_IRQHandler
 .text.GPIO_ODD_IRQHandler
                0x000054dc       0x38 ./src/app.o
                0x000054dc                GPIO_ODD_IRQHandler
 .text.WTIMER1_IRQHandler
                0x00005514       0x58 ./src/app.o
                0x00005514                WTIMER1_IRQHandler
 .text.WTIMER0_IRQHandler
                0x0000556c       0x58 ./src/app.o
                0x0000556c                WTIMER0_IRQHandler
 .text.battery_open
                0x000055c4       0xb4 ./src/battery.o
                0x000055c4                battery_open
 .text.battery_poll
                0x00005678       0x50 ./src/battery.o
                0x00005678                battery_poll
 .text.battery_check_low
                0x000056c8       0x18 ./src/battery.o
                0x000056c8                battery_check_low
 .text.battery_get_percent
                0x000056e0       0x30 ./src/battery.o
                0x000056e0                battery_get_percent
 .text.LETIMER0_IRQHandler
                0x00005710       0x3c ./src/battery.o
                0x00005710                LETIMER0_IRQHandler
 .text.bmp280_compensate_T_int32
                0x0000574c       0x78 ./src/bmp280.o
                0x0000574c                bmp280_compensate_T_int32
 .text.bmp280_compensate_P_float
                0x000057c4      0x37c ./src/bmp280.o
                0x000057c4                bmp280_compensate_P_float
 .text.bmp280_open
                0x00005b40       0x84 ./src/bmp280.o
                0x00005b40                bmp280_open
 .text.bmp280_read_temp
                0x00005bc4       0x40 ./src/bmp280.o
                0x00005bc4                bmp280_read_temp
 .text.bmp280_read_pressure
                0x00005c04       0x40 ./src/bmp280.o
                0x00005c04                bmp280_read_pressure
 .text.bmp280_get_last_pressure_read
                0x00005c44       0x18 ./src/bmp280.o
                0x00005c44                bmp280_get_last_pressure_read
 *fill*         0x00005c5c        0x4 
 .text.bmp280_get_altitude
                0x00005c60       0xe0 ./src/bmp280.o
                0x00005c60                bmp280_get_altitude
 .text.cmu_open
                0x00005d40       0x70 ./src/cmu.o
                0x00005d40                cmu_open
 .text.__NVIC_EnableIRQ
                0x00005db0       0x34 ./src/gpio.o
 .text.gpio_open
                0x00005de4      0x118 ./src/gpio.o
                0x00005de4                gpio_open
 .text.__NVIC_EnableIRQ
                0x00005efc       0x34 ./src/i2c.o
 .text.__NVIC_SetPriority
                0x00005f30       0x50 ./src/i2c.o
 .text.service_ack
                0x00005f80       0xd4 ./src/i2c.o
 .text.service_nack
                0x00006054       0xac ./src/i2c.o
 .text.service_rx_data_valid
                0x00006100       0xec ./src/i2c.o
 .text.service_mstop
                0x000061ec       0x6c ./src/i2c.o
 .text.i2c_bus_reset
                0x00006258       0x6e ./src/i2c.o
 *fill*         0x000062c6        0x2 
 .text.i2c_open
                0x000062c8      0x16c ./src/i2c.o
                0x000062c8                i2c_open
 .text.i2c_start
                0x00006434       0xf8 ./src/i2c.o
                0x00006434                i2c_start
 .text.i2c_getBusy
                0x0000652c       0x78 ./src/i2c.o
                0x0000652c                i2c_getBusy
 .text.I2C0_IRQHandler
                0x000065a4       0x68 ./src/i2c.o
                0x000065a4                I2C0_IRQHandler
 .text.I2C1_IRQHandler
                0x0000660c       0x68 ./src/i2c.o
                0x0000660c                I2C1_IRQHandler
 .text.__NVIC_EnableIRQ
                0x00006674       0x34 ./src/letimer.o
 .text.letimer_pwm_open
                0x000066a8      0x194 ./src/letimer.o
                0x000066a8                letimer_pwm_open
 .text.letimer_start
                0x0000683c       0x64 ./src/letimer.o
                0x0000683c                letimer_start
 .text.scheduler_open
                0x000068a0       0x24 ./src/scheduler.o
                0x000068a0                scheduler_open
 .text.add_scheduled_event
                0x000068c4       0x2c ./src/scheduler.o
                0x000068c4                add_scheduled_event
 .text.remove_scheduled_event
                0x000068f0       0x2c ./src/scheduler.o
                0x000068f0                remove_scheduled_event
 .text.get_scheduled_events
                0x0000691c        0xc ./src/scheduler.o
                0x0000691c                get_scheduled_events
 .text.sleep_open
                0x00006928       0x38 ./src/sleep_routines.o
                0x00006928                sleep_open
 .text.sleep_block_mode
                0x00006960       0x48 ./src/sleep_routines.o
                0x00006960                sleep_block_mode
 .text.sleep_unblock_mode
                0x000069a8       0x48 ./src/sleep_routines.o
                0x000069a8                sleep_unblock_mode
 .text.__NVIC_EnableIRQ
                0x000069f0       0x34 ./src/timer.o
 .text.timer_open
                0x00006a24      0x158 ./src/timer.o
                0x00006a24                timer_open
 .text.timer_measure_restart
                0x00006b7c       0x68 ./src/timer.o
                0x00006b7c                timer_measure_restart
 .text.timer_start
                0x00006be4       0x78 ./src/timer.o
                0x00006be4                timer_start
 .text.timer_stop
                0x00006c5c       0x5c ./src/timer.o
                0x00006c5c                timer_stop
 .text.__NVIC_EnableIRQ
                0x00006cb8       0x34 ./src/usart.o
 .text.usart_bitbang_open
                0x00006cec       0xc0 ./src/usart.o
                0x00006cec                usart_bitbang_open
 .text.USART2_TX_IRQHandler
                0x00006dac       0x44 ./src/usart.o
                0x00006dac                USART2_TX_IRQHandler
 .text.ws2812b_open
                0x00006df0       0x34 ./src/ws2812b.o
                0x00006df0                ws2812b_open
 .text.ws2812b_write
                0x00006e24      0x454 ./src/ws2812b.o
                0x00006e24                ws2812b_write
 .text.convert_to_pov_char
                0x00007278      0x518 ./src/POV/font.o
                0x00007278                convert_to_pov_char
 .text.pov_core
                0x00007790       0xb8 ./src/POV/pov.o
                0x00007790                pov_core
 .text.pov_hello_world
                0x00007848       0xac ./src/POV/pov.o
                0x00007848                pov_hello_world
 .text.pov_temp_humidity_start
                0x000078f4       0x10 ./src/POV/pov.o
                0x000078f4                pov_temp_humidity_start
 .text.pov_update_humidity
                0x00007904       0x14 ./src/POV/pov.o
                0x00007904                pov_update_humidity
 .text.pov_update_si7021_temp
                0x00007918      0x1b8 ./src/POV/pov.o
                0x00007918                pov_update_si7021_temp
 .text.pov_credits
                0x00007ad0       0x8c ./src/POV/pov.o
                0x00007ad0                pov_credits
 .text.pov_battery_level
                0x00007b5c       0xbc ./src/POV/pov.o
                0x00007b5c                pov_battery_level
 .text.pov_bmp280_start
                0x00007c18        0xa ./src/POV/pov.o
                0x00007c18                pov_bmp280_start
 *fill*         0x00007c22        0x2 
 .text.pov_update_bmp280
                0x00007c24       0xb0 ./src/POV/pov.o
                0x00007c24                pov_update_bmp280
 .text.pov_filler
                0x00007cd4       0x84 ./src/POV/pov.o
                0x00007cd4                pov_filler
 .text.hsv_to_grb
                0x00007d58      0x39c ./src/POV/pov.o
                0x00007d58                hsv_to_grb
 .text.pov_open
                0x000080f4       0xb0 ./src/POV/pov.o
                0x000080f4                pov_open
 .text.pov_handle_measure
                0x000081a4       0xdc ./src/POV/pov.o
                0x000081a4                pov_handle_measure
 .text.pov_get_position
                0x00008280        0xc ./src/POV/pov.o
                0x00008280                pov_get_position
 .text.pov_start_display
                0x0000828c       0x64 ./src/POV/pov.o
                0x0000828c                pov_start_display
 .text.pov_end_display
                0x000082f0       0x68 ./src/POV/pov.o
                0x000082f0                pov_end_display
 .text.pov_tick
                0x00008358       0x68 ./src/POV/pov.o
                0x00008358                pov_tick
 .text.pov_update_display
                0x000083c0      0x34c ./src/POV/pov.o
                0x000083c0                pov_update_display
 .text.pov_show_menu
                0x0000870c      0x100 ./src/POV/pov.o
                0x0000870c                pov_show_menu
 .text.pov_change_mode
                0x0000880c      0x14c ./src/POV/pov.o
                0x0000880c                pov_change_mode
 .text          0x00008958      0x378 c:/siliconlabs/simplicitystudio/v5/developer/toolchains/gnu_arm/7.2_2017q4/bin/../lib/gcc/arm-none-eabi/7.2.1/thumb/v7e-m/fpv4-sp/softfp\libgcc.a(_arm_addsubdf3.o)
                0x00008958                __aeabi_drsub
                0x00008960                __aeabi_dsub
                0x00008960                __subdf3
                0x00008964                __aeabi_dadd
                0x00008964                __adddf3
                0x00008bdc                __floatunsidf
                0x00008bdc                __aeabi_ui2d
                0x00008bfc                __floatsidf
                0x00008bfc                __aeabi_i2d
                0x00008c20                __aeabi_f2d
                0x00008c20                __extendsfdf2
                0x00008c64                __floatundidf
                0x00008c64                __aeabi_ul2d
                0x00008c74                __floatdidf
                0x00008c74                __aeabi_l2d
 .text          0x00008cd0      0x424 c:/siliconlabs/simplicitystudio/v5/developer/toolchains/gnu_arm/7.2_2017q4/bin/../lib/gcc/arm-none-eabi/7.2.1/thumb/v7e-m/fpv4-sp/softfp\libgcc.a(_arm_muldivdf3.o)
                0x00008cd0                __aeabi_dmul
                0x00008cd0                __muldf3
                0x00008f24                __divdf3
                0x00008f24                __aeabi_ddiv
 .text          0x000090f4      0x110 c:/siliconlabs/simplicitystudio/v5/developer/toolchains/gnu_arm/7.2_2017q4/bin/../lib/gcc/arm-none-eabi/7.2.1/thumb/v7e-m/fpv4-sp/softfp\libgcc.a(_arm_cmpdf2.o)
                0x000090f4                __gtdf2
                0x000090f4                __gedf2
                0x000090fc                __ltdf2
                0x000090fc                __ledf2
                0x00009104                __nedf2
                0x00009104                __eqdf2
                0x00009104                __cmpdf2
                0x00009180                __aeabi_cdrcmple
                0x00009190                __aeabi_cdcmpeq
                0x00009190                __aeabi_cdcmple
                0x000091a0                __aeabi_dcmpeq
                0x000091b4                __aeabi_dcmplt
                0x000091c8                __aeabi_dcmple
                0x000091dc                __aeabi_dcmpge
                0x000091f0                __aeabi_dcmpgt
 .text          0x00009204       0x40 c:/siliconlabs/simplicitystudio/v5/developer/toolchains/gnu_arm/7.2_2017q4/bin/../lib/gcc/arm-none-eabi/7.2.1/thumb/v7e-m/fpv4-sp/softfp\libgcc.a(_arm_fixunsdfsi.o)
                0x00009204                __aeabi_d2uiz
                0x00009204                __fixunsdfsi
 .text          0x00009244       0xa0 c:/siliconlabs/simplicitystudio/v5/developer/toolchains/gnu_arm/7.2_2017q4/bin/../lib/gcc/arm-none-eabi/7.2.1/thumb/v7e-m/fpv4-sp/softfp\libgcc.a(_arm_truncdfsf2.o)
                0x00009244                __truncdfsf2
                0x00009244                __aeabi_d2f
 .text          0x000092e4      0x21c c:/siliconlabs/simplicitystudio/v5/developer/toolchains/gnu_arm/7.2_2017q4/bin/../lib/gcc/arm-none-eabi/7.2.1/thumb/v7e-m/fpv4-sp/softfp\libgcc.a(_arm_addsubsf3.o)
                0x000092e4                __aeabi_frsub
                0x000092ec                __subsf3
                0x000092ec                __aeabi_fsub
                0x000092f0                __aeabi_fadd
                0x000092f0                __addsf3
                0x00009450                __aeabi_ui2f
                0x00009450                __floatunsisf
                0x00009458                __aeabi_i2f
                0x00009458                __floatsisf
                0x00009474                __aeabi_ul2f
                0x00009474                __floatundisf
                0x00009484                __aeabi_l2f
                0x00009484                __floatdisf
 .text          0x00009500       0xa0 c:/siliconlabs/simplicitystudio/v5/developer/toolchains/gnu_arm/7.2_2017q4/bin/../lib/gcc/arm-none-eabi/7.2.1/thumb/v7e-m/fpv4-sp/softfp\libgcc.a(_aeabi_ldivmod.o)
                0x00009500                __aeabi_ldivmod
 .text          0x000095a0      0x2cc c:/siliconlabs/simplicitystudio/v5/developer/toolchains/gnu_arm/7.2_2017q4/bin/../lib/gcc/arm-none-eabi/7.2.1/thumb/v7e-m/fpv4-sp/softfp\libgcc.a(_udivmoddi4.o)
                0x000095a0                __udivmoddi4
 .text          0x0000986c        0x4 c:/siliconlabs/simplicitystudio/v5/developer/toolchains/gnu_arm/7.2_2017q4/bin/../lib/gcc/arm-none-eabi/7.2.1/thumb/v7e-m/fpv4-sp/softfp\libgcc.a(_dvmd_tls.o)
                0x0000986c                __aeabi_idiv0
                0x0000986c                __aeabi_ldiv0
 .text.exit     0x00009870       0x28 c:/siliconlabs/simplicitystudio/v5/developer/toolchains/gnu_arm/7.2_2017q4/bin/../lib/gcc/arm-none-eabi/7.2.1/../../../../arm-none-eabi/lib/thumb/v7e-m/fpv4-sp/softfp\libc_nano.a(lib_a-exit.o)
                0x00009870                exit
 .text.__libc_init_array
                0x00009898       0x48 c:/siliconlabs/simplicitystudio/v5/developer/toolchains/gnu_arm/7.2_2017q4/bin/../lib/gcc/arm-none-eabi/7.2.1/../../../../arm-none-eabi/lib/thumb/v7e-m/fpv4-sp/softfp\libc_nano.a(lib_a-init.o)
                0x00009898                __libc_init_array
 .text.memcpy   0x000098e0       0x16 c:/siliconlabs/simplicitystudio/v5/developer/toolchains/gnu_arm/7.2_2017q4/bin/../lib/gcc/arm-none-eabi/7.2.1/../../../../arm-none-eabi/lib/thumb/v7e-m/fpv4-sp/softfp\libc_nano.a(lib_a-memcpy-stub.o)
                0x000098e0                memcpy
 .text.memset   0x000098f6       0x10 c:/siliconlabs/simplicitystudio/v5/developer/toolchains/gnu_arm/7.2_2017q4/bin/../lib/gcc/arm-none-eabi/7.2.1/../../../../arm-none-eabi/lib/thumb/v7e-m/fpv4-sp/softfp\libc_nano.a(lib_a-memset.o)
                0x000098f6                memset
 .text.__cvt    0x00009906       0xbc c:/siliconlabs/simplicitystudio/v5/developer/toolchains/gnu_arm/7.2_2017q4/bin/../lib/gcc/arm-none-eabi/7.2.1/../../../../arm-none-eabi/lib/thumb/v7e-m/fpv4-sp/softfp\libc_nano.a(lib_a-nano-vfprintf_float.o)
                0x00009906                __cvt
 .text.__exponent
                0x000099c2       0x66 c:/siliconlabs/simplicitystudio/v5/developer/toolchains/gnu_arm/7.2_2017q4/bin/../lib/gcc/arm-none-eabi/7.2.1/../../../../arm-none-eabi/lib/thumb/v7e-m/fpv4-sp/softfp\libc_nano.a(lib_a-nano-vfprintf_float.o)
                0x000099c2                __exponent
 .text._printf_float
                0x00009a28      0x48c c:/siliconlabs/simplicitystudio/v5/developer/toolchains/gnu_arm/7.2_2017q4/bin/../lib/gcc/arm-none-eabi/7.2.1/../../../../arm-none-eabi/lib/thumb/v7e-m/fpv4-sp/softfp\libc_nano.a(lib_a-nano-vfprintf_float.o)
                0x00009a28                _printf_float
 .text._printf_common
                0x00009eb4       0xea c:/siliconlabs/simplicitystudio/v5/developer/toolchains/gnu_arm/7.2_2017q4/bin/../lib/gcc/arm-none-eabi/7.2.1/../../../../arm-none-eabi/lib/thumb/v7e-m/fpv4-sp/softfp\libc_nano.a(lib_a-nano-vfprintf_i.o)
                0x00009eb4                _printf_common
 *fill*         0x00009f9e        0x2 
 .text._printf_i
                0x00009fa0      0x224 c:/siliconlabs/simplicitystudio/v5/developer/toolchains/gnu_arm/7.2_2017q4/bin/../lib/gcc/arm-none-eabi/7.2.1/../../../../arm-none-eabi/lib/thumb/v7e-m/fpv4-sp/softfp\libc_nano.a(lib_a-nano-vfprintf_i.o)
                0x00009fa0                _printf_i
 .text.sprintf  0x0000a1c4       0x40 c:/siliconlabs/simplicitystudio/v5/developer/toolchains/gnu_arm/7.2_2017q4/bin/../lib/gcc/arm-none-eabi/7.2.1/../../../../arm-none-eabi/lib/thumb/v7e-m/fpv4-sp/softfp\libc_nano.a(lib_a-sprintf.o)
                0x0000a1c4                siprintf
                0x0000a1c4                sprintf
 .text.strcpy   0x0000a204       0x10 c:/siliconlabs/simplicitystudio/v5/developer/toolchains/gnu_arm/7.2_2017q4/bin/../lib/gcc/arm-none-eabi/7.2.1/../../../../arm-none-eabi/lib/thumb/v7e-m/fpv4-sp/softfp\libc_nano.a(lib_a-strcpy.o)
                0x0000a204                strcpy
 .text          0x0000a214       0x10 c:/siliconlabs/simplicitystudio/v5/developer/toolchains/gnu_arm/7.2_2017q4/bin/../lib/gcc/arm-none-eabi/7.2.1/../../../../arm-none-eabi/lib/thumb/v7e-m/fpv4-sp/softfp\libc_nano.a(lib_a-strlen.o)
                0x0000a214                strlen
 .text.quorem   0x0000a224      0x118 c:/siliconlabs/simplicitystudio/v5/developer/toolchains/gnu_arm/7.2_2017q4/bin/../lib/gcc/arm-none-eabi/7.2.1/../../../../arm-none-eabi/lib/thumb/v7e-m/fpv4-sp/softfp\libc_nano.a(lib_a-dtoa.o)
 *fill*         0x0000a33c        0x4 
 .text._dtoa_r  0x0000a340      0xb7c c:/siliconlabs/simplicitystudio/v5/developer/toolchains/gnu_arm/7.2_2017q4/bin/../lib/gcc/arm-none-eabi/7.2.1/../../../../arm-none-eabi/lib/thumb/v7e-m/fpv4-sp/softfp\libc_nano.a(lib_a-dtoa.o)
                0x0000a340                _dtoa_r
 .text._localeconv_r
                0x0000aebc       0x1c c:/siliconlabs/simplicitystudio/v5/developer/toolchains/gnu_arm/7.2_2017q4/bin/../lib/gcc/arm-none-eabi/7.2.1/../../../../arm-none-eabi/lib/thumb/v7e-m/fpv4-sp/softfp\libc_nano.a(lib_a-localeconv.o)
                0x0000aebc                _localeconv_r
 .text.malloc   0x0000aed8       0x10 c:/siliconlabs/simplicitystudio/v5/developer/toolchains/gnu_arm/7.2_2017q4/bin/../lib/gcc/arm-none-eabi/7.2.1/../../../../arm-none-eabi/lib/thumb/v7e-m/fpv4-sp/softfp\libc_nano.a(lib_a-malloc.o)
                0x0000aed8                malloc
 *fill*         0x0000aee8        0x8 
 .text          0x0000aef0       0xa0 c:/siliconlabs/simplicitystudio/v5/developer/toolchains/gnu_arm/7.2_2017q4/bin/../lib/gcc/arm-none-eabi/7.2.1/../../../../arm-none-eabi/lib/thumb/v7e-m/fpv4-sp/softfp\libc_nano.a(lib_a-memchr.o)
                0x0000aef0                memchr
 .text._Balloc  0x0000af90       0x68 c:/siliconlabs/simplicitystudio/v5/developer/toolchains/gnu_arm/7.2_2017q4/bin/../lib/gcc/arm-none-eabi/7.2.1/../../../../arm-none-eabi/lib/thumb/v7e-m/fpv4-sp/softfp\libc_nano.a(lib_a-mprec.o)
                0x0000af90                _Balloc
 .text._Bfree   0x0000aff8       0x2e c:/siliconlabs/simplicitystudio/v5/developer/toolchains/gnu_arm/7.2_2017q4/bin/../lib/gcc/arm-none-eabi/7.2.1/../../../../arm-none-eabi/lib/thumb/v7e-m/fpv4-sp/softfp\libc_nano.a(lib_a-mprec.o)
                0x0000aff8                _Bfree
 .text.__multadd
                0x0000b026       0x76 c:/siliconlabs/simplicitystudio/v5/developer/toolchains/gnu_arm/7.2_2017q4/bin/../lib/gcc/arm-none-eabi/7.2.1/../../../../arm-none-eabi/lib/thumb/v7e-m/fpv4-sp/softfp\libc_nano.a(lib_a-mprec.o)
                0x0000b026                __multadd
 .text.__hi0bits
                0x0000b09c       0x3e c:/siliconlabs/simplicitystudio/v5/developer/toolchains/gnu_arm/7.2_2017q4/bin/../lib/gcc/arm-none-eabi/7.2.1/../../../../arm-none-eabi/lib/thumb/v7e-m/fpv4-sp/softfp\libc_nano.a(lib_a-mprec.o)
                0x0000b09c                __hi0bits
 .text.__lo0bits
                0x0000b0da       0x5e c:/siliconlabs/simplicitystudio/v5/developer/toolchains/gnu_arm/7.2_2017q4/bin/../lib/gcc/arm-none-eabi/7.2.1/../../../../arm-none-eabi/lib/thumb/v7e-m/fpv4-sp/softfp\libc_nano.a(lib_a-mprec.o)
                0x0000b0da                __lo0bits
 .text.__i2b    0x0000b138       0x12 c:/siliconlabs/simplicitystudio/v5/developer/toolchains/gnu_arm/7.2_2017q4/bin/../lib/gcc/arm-none-eabi/7.2.1/../../../../arm-none-eabi/lib/thumb/v7e-m/fpv4-sp/softfp\libc_nano.a(lib_a-mprec.o)
                0x0000b138                __i2b
 .text.__multiply
                0x0000b14a      0x12c c:/siliconlabs/simplicitystudio/v5/developer/toolchains/gnu_arm/7.2_2017q4/bin/../lib/gcc/arm-none-eabi/7.2.1/../../../../arm-none-eabi/lib/thumb/v7e-m/fpv4-sp/softfp\libc_nano.a(lib_a-mprec.o)
                0x0000b14a                __multiply
 *fill*         0x0000b276        0x2 
 .text.__pow5mult
                0x0000b278       0x9c c:/siliconlabs/simplicitystudio/v5/developer/toolchains/gnu_arm/7.2_2017q4/bin/../lib/gcc/arm-none-eabi/7.2.1/../../../../arm-none-eabi/lib/thumb/v7e-m/fpv4-sp/softfp\libc_nano.a(lib_a-mprec.o)
                0x0000b278                __pow5mult
 .text.__lshift
                0x0000b314       0xa8 c:/siliconlabs/simplicitystudio/v5/developer/toolchains/gnu_arm/7.2_2017q4/bin/../lib/gcc/arm-none-eabi/7.2.1/../../../../arm-none-eabi/lib/thumb/v7e-m/fpv4-sp/softfp\libc_nano.a(lib_a-mprec.o)
                0x0000b314                __lshift
 .text.__mcmp   0x0000b3bc       0x34 c:/siliconlabs/simplicitystudio/v5/developer/toolchains/gnu_arm/7.2_2017q4/bin/../lib/gcc/arm-none-eabi/7.2.1/../../../../arm-none-eabi/lib/thumb/v7e-m/fpv4-sp/softfp\libc_nano.a(lib_a-mprec.o)
                0x0000b3bc                __mcmp
 .text.__mdiff  0x0000b3f0       0xba c:/siliconlabs/simplicitystudio/v5/developer/toolchains/gnu_arm/7.2_2017q4/bin/../lib/gcc/arm-none-eabi/7.2.1/../../../../arm-none-eabi/lib/thumb/v7e-m/fpv4-sp/softfp\libc_nano.a(lib_a-mprec.o)
                0x0000b3f0                __mdiff
 .text.__d2b    0x0000b4aa       0x9e c:/siliconlabs/simplicitystudio/v5/developer/toolchains/gnu_arm/7.2_2017q4/bin/../lib/gcc/arm-none-eabi/7.2.1/../../../../arm-none-eabi/lib/thumb/v7e-m/fpv4-sp/softfp\libc_nano.a(lib_a-mprec.o)
                0x0000b4aa                __d2b
 .text._calloc_r
                0x0000b548       0x1c c:/siliconlabs/simplicitystudio/v5/developer/toolchains/gnu_arm/7.2_2017q4/bin/../lib/gcc/arm-none-eabi/7.2.1/../../../../arm-none-eabi/lib/thumb/v7e-m/fpv4-sp/softfp\libc_nano.a(lib_a-nano-callocr.o)
                0x0000b548                _calloc_r
 .text._free_r  0x0000b564       0x9c c:/siliconlabs/simplicitystudio/v5/developer/toolchains/gnu_arm/7.2_2017q4/bin/../lib/gcc/arm-none-eabi/7.2.1/../../../../arm-none-eabi/lib/thumb/v7e-m/fpv4-sp/softfp\libc_nano.a(lib_a-nano-freer.o)
                0x0000b564                _free_r
 .text._malloc_r
                0x0000b600       0xb4 c:/siliconlabs/simplicitystudio/v5/developer/toolchains/gnu_arm/7.2_2017q4/bin/../lib/gcc/arm-none-eabi/7.2.1/../../../../arm-none-eabi/lib/thumb/v7e-m/fpv4-sp/softfp\libc_nano.a(lib_a-nano-mallocr.o)
                0x0000b600                _malloc_r
 .text.__ssputs_r
                0x0000b6b4       0xb4 c:/siliconlabs/simplicitystudio/v5/developer/toolchains/gnu_arm/7.2_2017q4/bin/../lib/gcc/arm-none-eabi/7.2.1/../../../../arm-none-eabi/lib/thumb/v7e-m/fpv4-sp/softfp\libc_nano.a(lib_a-nano-svfprintf.o)
                0x0000b6b4                __ssputs_r
 .text._svfprintf_r
                0x0000b768      0x1ec c:/siliconlabs/simplicitystudio/v5/developer/toolchains/gnu_arm/7.2_2017q4/bin/../lib/gcc/arm-none-eabi/7.2.1/../../../../arm-none-eabi/lib/thumb/v7e-m/fpv4-sp/softfp\libc_nano.a(lib_a-nano-svfprintf.o)
                0x0000b768                _svfiprintf_r
                0x0000b768                _svfprintf_r
 .text._sbrk_r  0x0000b954       0x20 c:/siliconlabs/simplicitystudio/v5/developer/toolchains/gnu_arm/7.2_2017q4/bin/../lib/gcc/arm-none-eabi/7.2.1/../../../../arm-none-eabi/lib/thumb/v7e-m/fpv4-sp/softfp\libc_nano.a(lib_a-sbrkr.o)
                0x0000b954                _sbrk_r
 .text.__ascii_mbtowc
                0x0000b974       0x24 c:/siliconlabs/simplicitystudio/v5/developer/toolchains/gnu_arm/7.2_2017q4/bin/../lib/gcc/arm-none-eabi/7.2.1/../../../../arm-none-eabi/lib/thumb/v7e-m/fpv4-sp/softfp\libc_nano.a(lib_a-mbtowc_r.o)
                0x0000b974                __ascii_mbtowc
 .text.memmove  0x0000b998       0x32 c:/siliconlabs/simplicitystudio/v5/developer/toolchains/gnu_arm/7.2_2017q4/bin/../lib/gcc/arm-none-eabi/7.2.1/../../../../arm-none-eabi/lib/thumb/v7e-m/fpv4-sp/softfp\libc_nano.a(lib_a-memmove.o)
                0x0000b998                memmove
 .text.__malloc_lock
                0x0000b9ca        0x2 c:/siliconlabs/simplicitystudio/v5/developer/toolchains/gnu_arm/7.2_2017q4/bin/../lib/gcc/arm-none-eabi/7.2.1/../../../../arm-none-eabi/lib/thumb/v7e-m/fpv4-sp/softfp\libc_nano.a(lib_a-mlock.o)
                0x0000b9ca                __malloc_lock
 .text.__malloc_unlock
                0x0000b9cc        0x2 c:/siliconlabs/simplicitystudio/v5/developer/toolchains/gnu_arm/7.2_2017q4/bin/../lib/gcc/arm-none-eabi/7.2.1/../../../../arm-none-eabi/lib/thumb/v7e-m/fpv4-sp/softfp\libc_nano.a(lib_a-mlock.o)
                0x0000b9cc                __malloc_unlock
 .text._realloc_r
                0x0000b9ce       0x4c c:/siliconlabs/simplicitystudio/v5/developer/toolchains/gnu_arm/7.2_2017q4/bin/../lib/gcc/arm-none-eabi/7.2.1/../../../../arm-none-eabi/lib/thumb/v7e-m/fpv4-sp/softfp\libc_nano.a(lib_a-nano-reallocr.o)
                0x0000b9ce                _realloc_r
 .text.__ascii_wctomb
                0x0000ba1a       0x1a c:/siliconlabs/simplicitystudio/v5/developer/toolchains/gnu_arm/7.2_2017q4/bin/../lib/gcc/arm-none-eabi/7.2.1/../../../../arm-none-eabi/lib/thumb/v7e-m/fpv4-sp/softfp\libc_nano.a(lib_a-wctomb_r.o)
                0x0000ba1a                __ascii_wctomb
 .text._malloc_usable_size_r
                0x0000ba34       0x10 c:/siliconlabs/simplicitystudio/v5/developer/toolchains/gnu_arm/7.2_2017q4/bin/../lib/gcc/arm-none-eabi/7.2.1/../../../../arm-none-eabi/lib/thumb/v7e-m/fpv4-sp/softfp\libc_nano.a(lib_a-nano-msizer.o)
                0x0000ba34                _malloc_usable_size_r
 .text.fabs     0x0000ba44        0x8 c:/siliconlabs/simplicitystudio/v5/developer/toolchains/gnu_arm/7.2_2017q4/bin/../lib/gcc/arm-none-eabi/7.2.1/../../../../arm-none-eabi/lib/thumb/v7e-m/fpv4-sp/softfp\libm.a(lib_a-s_fabs.o)
                0x0000ba44                fabs
 .text.fmod     0x0000ba4c       0xc0 c:/siliconlabs/simplicitystudio/v5/developer/toolchains/gnu_arm/7.2_2017q4/bin/../lib/gcc/arm-none-eabi/7.2.1/../../../../arm-none-eabi/lib/thumb/v7e-m/fpv4-sp/softfp\libm.a(lib_a-w_fmod.o)
                0x0000ba4c                fmod
 *fill*         0x0000bb0c        0x4 
 .text.pow      0x0000bb10      0x33c c:/siliconlabs/simplicitystudio/v5/developer/toolchains/gnu_arm/7.2_2017q4/bin/../lib/gcc/arm-none-eabi/7.2.1/../../../../arm-none-eabi/lib/thumb/v7e-m/fpv4-sp/softfp\libm.a(lib_a-w_pow.o)
                0x0000bb10                pow
 .text.__ieee754_fmod
                0x0000be4c      0x224 c:/siliconlabs/simplicitystudio/v5/developer/toolchains/gnu_arm/7.2_2017q4/bin/../lib/gcc/arm-none-eabi/7.2.1/../../../../arm-none-eabi/lib/thumb/v7e-m/fpv4-sp/softfp\libm.a(lib_a-e_fmod.o)
                0x0000be4c                __ieee754_fmod
 .text.__ieee754_pow
                0x0000c070      0xaa8 c:/siliconlabs/simplicitystudio/v5/developer/toolchains/gnu_arm/7.2_2017q4/bin/../lib/gcc/arm-none-eabi/7.2.1/../../../../arm-none-eabi/lib/thumb/v7e-m/fpv4-sp/softfp\libm.a(lib_a-e_pow.o)
                0x0000c070                __ieee754_pow
 .text.__ieee754_sqrt
                0x0000cb18      0x180 c:/siliconlabs/simplicitystudio/v5/developer/toolchains/gnu_arm/7.2_2017q4/bin/../lib/gcc/arm-none-eabi/7.2.1/../../../../arm-none-eabi/lib/thumb/v7e-m/fpv4-sp/softfp\libm.a(lib_a-e_sqrt.o)
                0x0000cb18                __ieee754_sqrt
 .text.finite   0x0000cc98        0xc c:/siliconlabs/simplicitystudio/v5/developer/toolchains/gnu_arm/7.2_2017q4/bin/../lib/gcc/arm-none-eabi/7.2.1/../../../../arm-none-eabi/lib/thumb/v7e-m/fpv4-sp/softfp\libm.a(lib_a-s_finite.o)
                0x0000cc98                finite
 .text.matherr  0x0000cca4        0x4 c:/siliconlabs/simplicitystudio/v5/developer/toolchains/gnu_arm/7.2_2017q4/bin/../lib/gcc/arm-none-eabi/7.2.1/../../../../arm-none-eabi/lib/thumb/v7e-m/fpv4-sp/softfp\libm.a(lib_a-s_matherr.o)
                0x0000cca4                matherr
 .text.nan      0x0000cca8        0xc c:/siliconlabs/simplicitystudio/v5/developer/toolchains/gnu_arm/7.2_2017q4/bin/../lib/gcc/arm-none-eabi/7.2.1/../../../../arm-none-eabi/lib/thumb/v7e-m/fpv4-sp/softfp\libm.a(lib_a-s_nan.o)
                0x0000cca8                nan
 .text.rint     0x0000ccb4      0x11c c:/siliconlabs/simplicitystudio/v5/developer/toolchains/gnu_arm/7.2_2017q4/bin/../lib/gcc/arm-none-eabi/7.2.1/../../../../arm-none-eabi/lib/thumb/v7e-m/fpv4-sp/softfp\libm.a(lib_a-s_rint.o)
                0x0000ccb4                rint
 .text.scalbn   0x0000cdd0       0xfc c:/siliconlabs/simplicitystudio/v5/developer/toolchains/gnu_arm/7.2_2017q4/bin/../lib/gcc/arm-none-eabi/7.2.1/../../../../arm-none-eabi/lib/thumb/v7e-m/fpv4-sp/softfp\libm.a(lib_a-s_scalbn.o)
                0x0000cdd0                scalbn
 .text.copysign
                0x0000cecc       0x10 c:/siliconlabs/simplicitystudio/v5/developer/toolchains/gnu_arm/7.2_2017q4/bin/../lib/gcc/arm-none-eabi/7.2.1/../../../../arm-none-eabi/lib/thumb/v7e-m/fpv4-sp/softfp\libm.a(lib_a-s_copysign.o)
                0x0000cecc                copysign
 .text._exit    0x0000cedc        0x4 c:/siliconlabs/simplicitystudio/v5/developer/toolchains/gnu_arm/7.2_2017q4/bin/../lib/gcc/arm-none-eabi/7.2.1/../../../../arm-none-eabi/lib/thumb/v7e-m/fpv4-sp/softfp\libnosys.a(_exit.o)
                0x0000cedc                _exit
 .text          0x0000cee0       0x2c c:/siliconlabs/simplicitystudio/v5/developer/toolchains/gnu_arm/7.2_2017q4/bin/../lib/gcc/arm-none-eabi/7.2.1/thumb/v7e-m/fpv4-sp/softfp\libgcc.a(_arm_unorddf2.o)
                0x0000cee0                __unorddf2
                0x0000cee0                __aeabi_dcmpun
 .text          0x0000cf0c       0x50 c:/siliconlabs/simplicitystudio/v5/developer/toolchains/gnu_arm/7.2_2017q4/bin/../lib/gcc/arm-none-eabi/7.2.1/thumb/v7e-m/fpv4-sp/softfp\libgcc.a(_arm_fixdfsi.o)
                0x0000cf0c                __aeabi_d2iz
                0x0000cf0c                __fixdfsi
 .text.__errno  0x0000cf5c        0xc c:/siliconlabs/simplicitystudio/v5/developer/toolchains/gnu_arm/7.2_2017q4/bin/../lib/gcc/arm-none-eabi/7.2.1/../../../../arm-none-eabi/lib/thumb/v7e-m/fpv4-sp/softfp\libc_nano.a(lib_a-errno.o)
                0x0000cf5c                __errno
                0x0000cf68                linker_code_end = .
 *(.init)
 .init          0x0000cf68        0x4 c:/siliconlabs/simplicitystudio/v5/developer/toolchains/gnu_arm/7.2_2017q4/bin/../lib/gcc/arm-none-eabi/7.2.1/thumb/v7e-m/fpv4-sp/softfp/crti.o
                0x0000cf68                _init
 .init          0x0000cf6c        0x8 c:/siliconlabs/simplicitystudio/v5/developer/toolchains/gnu_arm/7.2_2017q4/bin/../lib/gcc/arm-none-eabi/7.2.1/thumb/v7e-m/fpv4-sp/softfp/crtn.o
 *(.fini)
 .fini          0x0000cf74        0x4 c:/siliconlabs/simplicitystudio/v5/developer/toolchains/gnu_arm/7.2_2017q4/bin/../lib/gcc/arm-none-eabi/7.2.1/thumb/v7e-m/fpv4-sp/softfp/crti.o
                0x0000cf74                _fini
 .fini          0x0000cf78        0x8 c:/siliconlabs/simplicitystudio/v5/developer/toolchains/gnu_arm/7.2_2017q4/bin/../lib/gcc/arm-none-eabi/7.2.1/thumb/v7e-m/fpv4-sp/softfp/crtn.o
 *crtbegin.o(.ctors)
 *crtbegin?.o(.ctors)
 *(EXCLUDE_FILE(*crtend.o *crtend?.o) .ctors)
 *(SORT_BY_NAME(.ctors.*))
 *(.ctors)
 *crtbegin.o(.dtors)
 *crtbegin?.o(.dtors)
 *(EXCLUDE_FILE(*crtend.o *crtend?.o) .dtors)
 *(SORT_BY_NAME(.dtors.*))
 *(.dtors)
 *(.rodata*)
 .rodata        0x0000cf80       0x7c ./gecko_sdk_3.1.1/hardware/driver/mx25_flash_shutdown/src/sl_mx25_flash_shutdown_usart/sl_mx25_flash_shutdown.o
 .rodata        0x0000cffc        0x4 ./gecko_sdk_3.1.1/platform/emdrv/dmadrv/src/dmadrv.o
 .rodata        0x0000d000       0x63 ./gecko_sdk_3.1.1/platform/emlib/src/em_adc.o
 *fill*         0x0000d063        0x1 
 .rodata        0x0000d064      0x12f ./gecko_sdk_3.1.1/platform/emlib/src/em_cmu.o
 *fill*         0x0000d193        0x1 
 .rodata.flashWsTable
                0x0000d194       0x28 ./gecko_sdk_3.1.1/platform/emlib/src/em_cmu.o
 .rodata        0x0000d1bc       0x63 ./gecko_sdk_3.1.1/platform/emlib/src/em_emu.o
 *fill*         0x0000d21f        0x1 
 .rodata        0x0000d220       0xc8 ./gecko_sdk_3.1.1/platform/emlib/src/em_gpio.o
 .rodata.i2cNSum
                0x0000d2e8        0x4 ./gecko_sdk_3.1.1/platform/emlib/src/em_i2c.o
 .rodata        0x0000d2ec       0x63 ./gecko_sdk_3.1.1/platform/emlib/src/em_i2c.o
 *fill*         0x0000d34f        0x1 
 .rodata        0x0000d350       0x64 ./gecko_sdk_3.1.1/platform/emlib/src/em_ldma.o
 .rodata        0x0000d3b4       0x67 ./gecko_sdk_3.1.1/platform/emlib/src/em_letimer.o
 *fill*         0x0000d41b        0x1 
 .rodata        0x0000d41c       0xcd ./gecko_sdk_3.1.1/platform/emlib/src/em_timer.o
 *fill*         0x0000d4e9        0x3 
 .rodata        0x0000d4ec       0x65 ./gecko_sdk_3.1.1/platform/emlib/src/em_usart.o
 *fill*         0x0000d551        0x3 
 .rodata        0x0000d554       0x10 ./gecko_sdk_3.1.1/platform/service/device_init/src/sl_device_init_dcdc_s1.o
 .rodata        0x0000d564       0x12 ./gecko_sdk_3.1.1/platform/service/device_init/src/sl_device_init_hfxo_s1.o
 *fill*         0x0000d576        0x2 
 .rodata        0x0000d578        0x4 ./gecko_sdk_3.1.1/platform/service/device_init/src/sl_device_init_lfxo_s1.o
 .rodata        0x0000d57c       0x65 ./src/HW_delay.o
 *fill*         0x0000d5e1        0x3 
 .rodata        0x0000d5e4        0xd ./src/adc.o
 *fill*         0x0000d5f1        0x3 
 .rodata        0x0000d5f4        0xd ./src/i2c.o
 *fill*         0x0000d601        0x3 
 .rodata        0x0000d604       0x11 ./src/letimer.o
 *fill*         0x0000d615        0x3 
 .rodata        0x0000d618       0x18 ./src/sleep_routines.o
 .rodata        0x0000d630        0xf ./src/timer.o
 *fill*         0x0000d63f        0x1 
 .rodata        0x0000d640        0xf ./src/usart.o
 *fill*         0x0000d64f        0x1 
 .rodata        0x0000d650       0x2d ./src/ws2812b.o
 *fill*         0x0000d67d        0x3 
 .rodata        0x0000d680       0x12 ./src/POV/font.o
 *fill*         0x0000d692        0x2 
 .rodata        0x0000d694      0x119 ./src/POV/pov.o
 *fill*         0x0000d7ad        0x3 
 .rodata._global_impure_ptr
                0x0000d7b0        0x4 c:/siliconlabs/simplicitystudio/v5/developer/toolchains/gnu_arm/7.2_2017q4/bin/../lib/gcc/arm-none-eabi/7.2.1/../../../../arm-none-eabi/lib/thumb/v7e-m/fpv4-sp/softfp\libc_nano.a(lib_a-impure.o)
                0x0000d7b0                _global_impure_ptr
 .rodata._printf_float.str1.1
                0x0000d7b4       0x12 c:/siliconlabs/simplicitystudio/v5/developer/toolchains/gnu_arm/7.2_2017q4/bin/../lib/gcc/arm-none-eabi/7.2.1/../../../../arm-none-eabi/lib/thumb/v7e-m/fpv4-sp/softfp\libc_nano.a(lib_a-nano-vfprintf_float.o)
 .rodata._printf_i.str1.1
                0x0000d7c6       0x22 c:/siliconlabs/simplicitystudio/v5/developer/toolchains/gnu_arm/7.2_2017q4/bin/../lib/gcc/arm-none-eabi/7.2.1/../../../../arm-none-eabi/lib/thumb/v7e-m/fpv4-sp/softfp\libc_nano.a(lib_a-nano-vfprintf_i.o)
 .rodata._dtoa_r.str1.1
                0x0000d7e8        0xd c:/siliconlabs/simplicitystudio/v5/developer/toolchains/gnu_arm/7.2_2017q4/bin/../lib/gcc/arm-none-eabi/7.2.1/../../../../arm-none-eabi/lib/thumb/v7e-m/fpv4-sp/softfp\libc_nano.a(lib_a-dtoa.o)
                                  0xf (size before relaxing)
 *fill*         0x0000d7f5        0x3 
 .rodata.__mprec_bigtens
                0x0000d7f8       0x28 c:/siliconlabs/simplicitystudio/v5/developer/toolchains/gnu_arm/7.2_2017q4/bin/../lib/gcc/arm-none-eabi/7.2.1/../../../../arm-none-eabi/lib/thumb/v7e-m/fpv4-sp/softfp\libc_nano.a(lib_a-mprec.o)
                0x0000d7f8                __mprec_bigtens
 .rodata.__mprec_tens
                0x0000d820       0xc8 c:/siliconlabs/simplicitystudio/v5/developer/toolchains/gnu_arm/7.2_2017q4/bin/../lib/gcc/arm-none-eabi/7.2.1/../../../../arm-none-eabi/lib/thumb/v7e-m/fpv4-sp/softfp\libc_nano.a(lib_a-mprec.o)
                0x0000d820                __mprec_tens
 .rodata.p05.7359
                0x0000d8e8        0xc c:/siliconlabs/simplicitystudio/v5/developer/toolchains/gnu_arm/7.2_2017q4/bin/../lib/gcc/arm-none-eabi/7.2.1/../../../../arm-none-eabi/lib/thumb/v7e-m/fpv4-sp/softfp\libc_nano.a(lib_a-mprec.o)
 .rodata._svfprintf_r.str1.1
                0x0000d8f4       0x11 c:/siliconlabs/simplicitystudio/v5/developer/toolchains/gnu_arm/7.2_2017q4/bin/../lib/gcc/arm-none-eabi/7.2.1/../../../../arm-none-eabi/lib/thumb/v7e-m/fpv4-sp/softfp\libc_nano.a(lib_a-nano-svfprintf.o)
 .rodata._setlocale_r.str1.1
                0x0000d905        0x8 c:/siliconlabs/simplicitystudio/v5/developer/toolchains/gnu_arm/7.2_2017q4/bin/../lib/gcc/arm-none-eabi/7.2.1/../../../../arm-none-eabi/lib/thumb/v7e-m/fpv4-sp/softfp\libc_nano.a(lib_a-locale.o)
                                  0x9 (size before relaxing)
 .rodata.str1.1
                0x0000d90d        0x2 c:/siliconlabs/simplicitystudio/v5/developer/toolchains/gnu_arm/7.2_2017q4/bin/../lib/gcc/arm-none-eabi/7.2.1/../../../../arm-none-eabi/lib/thumb/v7e-m/fpv4-sp/softfp\libc_nano.a(lib_a-locale.o)
 .rodata._ctype_
                0x0000d90f      0x101 c:/siliconlabs/simplicitystudio/v5/developer/toolchains/gnu_arm/7.2_2017q4/bin/../lib/gcc/arm-none-eabi/7.2.1/../../../../arm-none-eabi/lib/thumb/v7e-m/fpv4-sp/softfp\libc_nano.a(lib_a-ctype_.o)
                0x0000d90f                _ctype_
 .rodata.fmod.str1.4
                0x0000da10        0x5 c:/siliconlabs/simplicitystudio/v5/developer/toolchains/gnu_arm/7.2_2017q4/bin/../lib/gcc/arm-none-eabi/7.2.1/../../../../arm-none-eabi/lib/thumb/v7e-m/fpv4-sp/softfp\libm.a(lib_a-w_fmod.o)
 *fill*         0x0000da15        0x3 
 .rodata.pow.str1.4
                0x0000da18        0x4 c:/siliconlabs/simplicitystudio/v5/developer/toolchains/gnu_arm/7.2_2017q4/bin/../lib/gcc/arm-none-eabi/7.2.1/../../../../arm-none-eabi/lib/thumb/v7e-m/fpv4-sp/softfp\libm.a(lib_a-w_pow.o)
 *fill*         0x0000da1c        0x4 
 .rodata.Zero   0x0000da20       0x10 c:/siliconlabs/simplicitystudio/v5/developer/toolchains/gnu_arm/7.2_2017q4/bin/../lib/gcc/arm-none-eabi/7.2.1/../../../../arm-none-eabi/lib/thumb/v7e-m/fpv4-sp/softfp\libm.a(lib_a-e_fmod.o)
 .rodata.__ieee754_pow.str1.4
                0x0000da30        0x4 c:/siliconlabs/simplicitystudio/v5/developer/toolchains/gnu_arm/7.2_2017q4/bin/../lib/gcc/arm-none-eabi/7.2.1/../../../../arm-none-eabi/lib/thumb/v7e-m/fpv4-sp/softfp\libm.a(lib_a-e_pow.o)
                                  0x1 (size before relaxing)
 .rodata.TWO52  0x0000da30       0x10 c:/siliconlabs/simplicitystudio/v5/developer/toolchains/gnu_arm/7.2_2017q4/bin/../lib/gcc/arm-none-eabi/7.2.1/../../../../arm-none-eabi/lib/thumb/v7e-m/fpv4-sp/softfp\libm.a(lib_a-s_rint.o)
 *(.eh_frame*)
 .eh_frame      0x0000da40        0x0 c:/siliconlabs/simplicitystudio/v5/developer/toolchains/gnu_arm/7.2_2017q4/bin/../lib/gcc/arm-none-eabi/7.2.1/thumb/v7e-m/fpv4-sp/softfp/crtbegin.o

.glue_7         0x0000da40        0x0
 .glue_7        0x0000da40        0x0 linker stubs

.glue_7t        0x0000da40        0x0
 .glue_7t       0x0000da40        0x0 linker stubs

.vfp11_veneer   0x0000da40        0x0
 .vfp11_veneer  0x0000da40        0x0 linker stubs

.v4_bx          0x0000da40        0x0
 .v4_bx         0x0000da40        0x0 linker stubs

.iplt           0x0000da40        0x0
 .iplt          0x0000da40        0x0 c:/siliconlabs/simplicitystudio/v5/developer/toolchains/gnu_arm/7.2_2017q4/bin/../lib/gcc/arm-none-eabi/7.2.1/thumb/v7e-m/fpv4-sp/softfp/crtbegin.o

.ARM.extab
 *(.ARM.extab* .gnu.linkonce.armextab.*)
                0x0000da40                __exidx_start = .

.ARM.exidx      0x0000da40        0x8
 *(.ARM.exidx* .gnu.linkonce.armexidx.*)
 .ARM.exidx     0x0000da40        0x8 c:/siliconlabs/simplicitystudio/v5/developer/toolchains/gnu_arm/7.2_2017q4/bin/../lib/gcc/arm-none-eabi/7.2.1/../../../../arm-none-eabi/lib/thumb/v7e-m/fpv4-sp/softfp/crt0.o
 .ARM.exidx     0x0000da48        0x0 c:/siliconlabs/simplicitystudio/v5/developer/toolchains/gnu_arm/7.2_2017q4/bin/../lib/gcc/arm-none-eabi/7.2.1/thumb/v7e-m/fpv4-sp/softfp\libgcc.a(_udivmoddi4.o)
                                  0x8 (size before relaxing)
                0x0000da48                __exidx_end = .
                0x0000da48                __etext = .

.rel.dyn        0x0000da48        0x0
 .rel.iplt      0x0000da48        0x0 c:/siliconlabs/simplicitystudio/v5/developer/toolchains/gnu_arm/7.2_2017q4/bin/../lib/gcc/arm-none-eabi/7.2.1/thumb/v7e-m/fpv4-sp/softfp/crtbegin.o
                0x20000000                . = ORIGIN (RAM)

.stack          0x20000000     0x1000
                0x20000000                __StackLimit = .
 *(.stack*)
 .stack         0x20000000        0x0 ./gecko_sdk_3.1.1/platform/Device/SiliconLabs/EFR32MG12P/Source/GCC/startup_efr32mg12p.o
 .stack         0x20000000     0x1000 ./gecko_sdk_3.1.1/platform/common/toolchain/src/sl_memory.o
                0x20001000                . = ALIGN (0x4)
                0x20001000                __StackTop = .
                0x20001000                PROVIDE (__stack, __StackTop)

.noinit
 *(.noinit*)

.data           0x20001000      0x1f8 load address 0x0000da48
                0x20001000                . = ALIGN (0x4)
                0x20001000                __data_start__ = .
 *(vtable)
 *(.data*)
 .data.SystemHFXOClock
                0x20001000        0x4 ./gecko_sdk_3.1.1/platform/Device/SiliconLabs/EFR32MG12P/Source/system_efr32mg12p.o
 .data.SystemLFXOClock
                0x20001004        0x4 ./gecko_sdk_3.1.1/platform/Device/SiliconLabs/EFR32MG12P/Source/system_efr32mg12p.o
 .data.SystemCoreClock
                0x20001008        0x4 ./gecko_sdk_3.1.1/platform/Device/SiliconLabs/EFR32MG12P/Source/system_efr32mg12p.o
                0x20001008                SystemCoreClock
 .data.SystemHfrcoFreq
                0x2000100c        0x4 ./gecko_sdk_3.1.1/platform/Device/SiliconLabs/EFR32MG12P/Source/system_efr32mg12p.o
                0x2000100c                SystemHfrcoFreq
 .data.heap_end.4967
                0x20001010        0x4 ./gecko_sdk_3.1.1/platform/common/toolchain/src/sl_memory.o
 .data.auxHfrcoFreq
                0x20001014        0x4 ./gecko_sdk_3.1.1/platform/emlib/src/em_cmu.o
 .data.lfxo_precision
                0x20001018        0x2 ./gecko_sdk_3.1.1/platform/emlib/src/em_cmu.o
 *fill*         0x2000101a        0x2 
 .data._impure_ptr
                0x2000101c        0x4 c:/siliconlabs/simplicitystudio/v5/developer/toolchains/gnu_arm/7.2_2017q4/bin/../lib/gcc/arm-none-eabi/7.2.1/../../../../arm-none-eabi/lib/thumb/v7e-m/fpv4-sp/softfp\libc_nano.a(lib_a-impure.o)
                0x2000101c                _impure_ptr
 .data.impure_data
                0x20001020       0x60 c:/siliconlabs/simplicitystudio/v5/developer/toolchains/gnu_arm/7.2_2017q4/bin/../lib/gcc/arm-none-eabi/7.2.1/../../../../arm-none-eabi/lib/thumb/v7e-m/fpv4-sp/softfp\libc_nano.a(lib_a-impure.o)
 .data.__global_locale
                0x20001080      0x16c c:/siliconlabs/simplicitystudio/v5/developer/toolchains/gnu_arm/7.2_2017q4/bin/../lib/gcc/arm-none-eabi/7.2.1/../../../../arm-none-eabi/lib/thumb/v7e-m/fpv4-sp/softfp\libc_nano.a(lib_a-locale.o)
                0x20001080                __global_locale
 .data.__fdlib_version
                0x200011ec        0x1 c:/siliconlabs/simplicitystudio/v5/developer/toolchains/gnu_arm/7.2_2017q4/bin/../lib/gcc/arm-none-eabi/7.2.1/../../../../arm-none-eabi/lib/thumb/v7e-m/fpv4-sp/softfp\libm.a(lib_a-s_lib_ver.o)
                0x200011ec                __fdlib_version
                0x200011f0                . = ALIGN (0x4)
 *fill*         0x200011ed        0x3 
                [!provide]                PROVIDE (__ram_func_section_start, .)
 *(.ram)
                [!provide]                PROVIDE (__ram_func_section_end, .)
                0x200011f0                . = ALIGN (0x4)
                0x200011f0                PROVIDE (__preinit_array_start, .)
 *(.preinit_array)
                0x200011f0                PROVIDE (__preinit_array_end, .)
                0x200011f0                . = ALIGN (0x4)
                0x200011f0                PROVIDE (__init_array_start, .)
 *(SORT_BY_NAME(.init_array.*))
 *(.init_array)
 .init_array    0x200011f0        0x4 c:/siliconlabs/simplicitystudio/v5/developer/toolchains/gnu_arm/7.2_2017q4/bin/../lib/gcc/arm-none-eabi/7.2.1/thumb/v7e-m/fpv4-sp/softfp/crtbegin.o
                0x200011f4                PROVIDE (__init_array_end, .)
                0x200011f4                . = ALIGN (0x4)
                [!provide]                PROVIDE (__fini_array_start, .)
 *(SORT_BY_NAME(.fini_array.*))
 *(.fini_array)
 .fini_array    0x200011f4        0x4 c:/siliconlabs/simplicitystudio/v5/developer/toolchains/gnu_arm/7.2_2017q4/bin/../lib/gcc/arm-none-eabi/7.2.1/thumb/v7e-m/fpv4-sp/softfp/crtbegin.o
                [!provide]                PROVIDE (__fini_array_end, .)
                0x200011f8                . = ALIGN (0x4)
                0x200011f8                __data_end__ = .

.igot.plt       0x200011f8        0x0 load address 0x0000dc40
 .igot.plt      0x200011f8        0x0 c:/siliconlabs/simplicitystudio/v5/developer/toolchains/gnu_arm/7.2_2017q4/bin/../lib/gcc/arm-none-eabi/7.2.1/thumb/v7e-m/fpv4-sp/softfp/crtbegin.o

.bss            0x200011f8     0x1134 load address 0x0000dc40
                0x200011f8                . = ALIGN (0x4)
                0x200011f8                __bss_start__ = .
 *(.bss*)
 .bss           0x200011f8       0x1c c:/siliconlabs/simplicitystudio/v5/developer/toolchains/gnu_arm/7.2_2017q4/bin/../lib/gcc/arm-none-eabi/7.2.1/thumb/v7e-m/fpv4-sp/softfp/crtbegin.o
 .bss.initialized
                0x20001214        0x1 ./gecko_sdk_3.1.1/platform/emdrv/dmadrv/src/dmadrv.o
 *fill*         0x20001215        0x3 
 .bss.chTable   0x20001218       0x80 ./gecko_sdk_3.1.1/platform/emdrv/dmadrv/src/dmadrv.o
 .bss.dmaXfer   0x20001298      0x100 ./gecko_sdk_3.1.1/platform/emdrv/dmadrv/src/dmadrv.o
 .bss.dcdcMaxCurrent_mA
                0x20001398        0x2 ./gecko_sdk_3.1.1/platform/emlib/src/em_emu.o
 .bss.dcdcEm01LoadCurrent_mA
                0x2000139a        0x2 ./gecko_sdk_3.1.1/platform/emlib/src/em_emu.o
 .bss.dcdcReverseCurrentControl
                0x2000139c        0x2 ./gecko_sdk_3.1.1/platform/emlib/src/em_emu.o
 *fill*         0x2000139e        0x2 
 .bss.vScaleEM01Config
                0x200013a0        0x1 ./gecko_sdk_3.1.1/platform/emlib/src/em_emu.o
 *fill*         0x200013a1        0x3 
 .bss.data      0x200013a4        0x4 ./src/SI7021.o
 .bss.last_read
                0x200013a8        0x4 ./src/adc.o
 .bss.blah.11229
                0x200013ac        0x1 ./src/app.o
 *fill*         0x200013ad        0x3 
 .bss.consecutive_low_reads
                0x200013b0        0x4 ./src/battery.o
 .bss.letimer_callback
                0x200013b4        0x4 ./src/battery.o
 .bss.t_fine    0x200013b8        0x4 ./src/bmp280.o
 .bss.dig_T1    0x200013bc        0x2 ./src/bmp280.o
 .bss.dig_T2    0x200013be        0x2 ./src/bmp280.o
 .bss.dig_T3    0x200013c0        0x2 ./src/bmp280.o
 .bss.dig_P1    0x200013c2        0x2 ./src/bmp280.o
 .bss.dig_P2    0x200013c4        0x2 ./src/bmp280.o
 .bss.dig_P3    0x200013c6        0x2 ./src/bmp280.o
 .bss.dig_P4    0x200013c8        0x2 ./src/bmp280.o
 .bss.dig_P5    0x200013ca        0x2 ./src/bmp280.o
 .bss.dig_P6    0x200013cc        0x2 ./src/bmp280.o
 .bss.dig_P7    0x200013ce        0x2 ./src/bmp280.o
 .bss.dig_P8    0x200013d0        0x2 ./src/bmp280.o
 .bss.dig_P9    0x200013d2        0x2 ./src/bmp280.o
 .bss.temp_cb   0x200013d4        0x4 ./src/bmp280.o
 .bss.pressure_cb
                0x200013d8        0x4 ./src/bmp280.o
 .bss.temp      0x200013dc        0x4 ./src/bmp280.o
 .bss.pressure  0x200013e0        0x4 ./src/bmp280.o
 .bss.gpio_even_irq_cb
                0x200013e4        0x4 ./src/gpio.o
 .bss.gpio_odd_irq_cb
                0x200013e8        0x4 ./src/gpio.o
 .bss.state_machine_0
                0x200013ec       0x24 ./src/i2c.o
 .bss.state_machine_1
                0x20001410       0x24 ./src/i2c.o
 .bss.scheduled_comp0_cb
                0x20001434        0x4 ./src/letimer.o
 .bss.scheduled_comp1_cb
                0x20001438        0x4 ./src/letimer.o
 .bss.scheduled_uf_cb
                0x2000143c        0x4 ./src/letimer.o
 .bss.event_scheduled
                0x20001440        0x4 ./src/scheduler.o
 .bss.lowest_energy_mode
                0x20001444       0x14 ./src/sleep_routines.o
 .bss.busy      0x20001458        0x1 ./src/usart.o
 *fill*         0x20001459        0x3 
 .bss.txbuffer  0x2000145c      0x120 ./src/ws2812b.o
 .bss.count_one
                0x2000157c        0x4 ./src/POV/pov.o
 .bss.count_two
                0x20001580        0x4 ./src/POV/pov.o
 .bss.ticks_per_deg
                0x20001584        0x4 ./src/POV/pov.o
 .bss.count_select
                0x20001588        0x1 ./src/POV/pov.o
 .bss.current_position
                0x20001589        0x1 ./src/POV/pov.o
 *fill*         0x2000158a        0x2 
 .bss.display_buffer
                0x2000158c      0xd80 ./src/POV/pov.o
 .bss.buffer_index
                0x2000230c        0x4 ./src/POV/pov.o
 .bss.displaymode
                0x20002310        0x1 ./src/POV/pov.o
 *fill*         0x20002311        0x3 
 .bss.temperature
                0x20002314        0x4 ./src/POV/pov.o
 .bss.humidity  0x20002318        0x4 ./src/POV/pov.o
 .bss.H.11220   0x2000231c        0x1 ./src/POV/pov.o
 *fill*         0x2000231d        0x3 
 .bss.__malloc_free_list
                0x20002320        0x4 c:/siliconlabs/simplicitystudio/v5/developer/toolchains/gnu_arm/7.2_2017q4/bin/../lib/gcc/arm-none-eabi/7.2.1/../../../../arm-none-eabi/lib/thumb/v7e-m/fpv4-sp/softfp\libc_nano.a(lib_a-nano-mallocr.o)
                0x20002320                __malloc_free_list
 .bss.__malloc_sbrk_start
                0x20002324        0x4 c:/siliconlabs/simplicitystudio/v5/developer/toolchains/gnu_arm/7.2_2017q4/bin/../lib/gcc/arm-none-eabi/7.2.1/../../../../arm-none-eabi/lib/thumb/v7e-m/fpv4-sp/softfp\libc_nano.a(lib_a-nano-mallocr.o)
                0x20002324                __malloc_sbrk_start
 *(COMMON)
 COMMON         0x20002328        0x4 c:/siliconlabs/simplicitystudio/v5/developer/toolchains/gnu_arm/7.2_2017q4/bin/../lib/gcc/arm-none-eabi/7.2.1/../../../../arm-none-eabi/lib/thumb/v7e-m/fpv4-sp/softfp\libc_nano.a(lib_a-reent.o)
                0x20002328                errno
                0x2000232c                . = ALIGN (0x4)
                0x2000232c                __bss_end__ = .

.heap           0x20002330    0x3dcd0
                0x20002330                __HeapBase = .
                0x20002330                __end__ = .
                0x20002330                end = __end__
                0x20002330                _end = __end__
 *(.heap*)
 .heap          0x20002330      0x800 ./gecko_sdk_3.1.1/platform/common/toolchain/src/sl_memory.o
                0x20040000                . = (ORIGIN (RAM) + LENGTH (RAM))
 *fill*         0x20002b30    0x3d4d0 
                0x20040000                __HeapLimit = .
                0x0003dcd0                __heap_size = (__HeapLimit - __HeapBase)

.internal_storage
                0x0000da48        0x0
 *(.internal_storage*)

.nvm            0x0000da48        0x0
 *(.simee*)
                0x00100000                linker_nvm_end = (ORIGIN (FLASH) + LENGTH (FLASH))
                0x00100000                linker_nvm_begin = (linker_nvm_end - SIZEOF (.nvm))
                0x00000000                linker_nvm_size = SIZEOF (.nvm)
                0x00100000                linker_storage_end = linker_nvm_begin
                0x00100000                linker_storage_begin = (linker_storage_end - SIZEOF (.internal_storage))
                0x00000000                linker_storage_size = SIZEOF (.internal_storage)
                0x00100000                __nvm3Base = linker_nvm_begin
                0x00000001                ASSERT (((ORIGIN (FLASH) + LENGTH (FLASH)) >= (__etext + SIZEOF (.data))), FLASH memory overflowed !)
                0x00000001                ASSERT (((ORIGIN (RAM) + LENGTH (RAM)) >= (__HeapBase + SIZEOF (.heap))), RAM memory overflowed !)
OUTPUT(POV2.axf elf32-littlearm)

.ARM.attributes
                0x00000000       0x2e
 .ARM.attributes
                0x00000000       0x22 c:/siliconlabs/simplicitystudio/v5/developer/toolchains/gnu_arm/7.2_2017q4/bin/../lib/gcc/arm-none-eabi/7.2.1/thumb/v7e-m/fpv4-sp/softfp/crti.o
 .ARM.attributes
                0x00000022       0x32 c:/siliconlabs/simplicitystudio/v5/developer/toolchains/gnu_arm/7.2_2017q4/bin/../lib/gcc/arm-none-eabi/7.2.1/thumb/v7e-m/fpv4-sp/softfp/crtbegin.o
 .ARM.attributes
                0x00000054       0x20 c:/siliconlabs/simplicitystudio/v5/developer/toolchains/gnu_arm/7.2_2017q4/bin/../lib/gcc/arm-none-eabi/7.2.1/../../../../arm-none-eabi/lib/thumb/v7e-m/fpv4-sp/softfp/crt0.o
 .ARM.attributes
                0x00000074       0x37 ./autogen/sl_board_default_init.o
 .ARM.attributes
                0x000000ab       0x37 ./autogen/sl_device_init_clocks.o
 .ARM.attributes
                0x000000e2       0x37 ./autogen/sl_event_handler.o
 .ARM.attributes
                0x00000119       0x37 ./gecko_sdk_3.1.1/hardware/board/src/sl_board_init.o
 .ARM.attributes
                0x00000150       0x37 ./gecko_sdk_3.1.1/hardware/driver/mx25_flash_shutdown/src/sl_mx25_flash_shutdown_usart/sl_mx25_flash_shutdown.o
 .ARM.attributes
                0x00000187       0x37 ./gecko_sdk_3.1.1/platform/Device/SiliconLabs/EFR32MG12P/Source/GCC/startup_efr32mg12p.o
 .ARM.attributes
                0x000001be       0x37 ./gecko_sdk_3.1.1/platform/Device/SiliconLabs/EFR32MG12P/Source/system_efr32mg12p.o
 .ARM.attributes
                0x000001f5       0x37 ./gecko_sdk_3.1.1/platform/common/toolchain/src/sl_memory.o
 .ARM.attributes
                0x0000022c       0x37 ./gecko_sdk_3.1.1/platform/emdrv/dmadrv/src/dmadrv.o
 .ARM.attributes
                0x00000263       0x37 ./gecko_sdk_3.1.1/platform/emlib/src/em_adc.o
 .ARM.attributes
                0x0000029a       0x37 ./gecko_sdk_3.1.1/platform/emlib/src/em_assert.o
 .ARM.attributes
                0x000002d1       0x37 ./gecko_sdk_3.1.1/platform/emlib/src/em_cmu.o
 .ARM.attributes
                0x00000308       0x37 ./gecko_sdk_3.1.1/platform/emlib/src/em_core.o
 .ARM.attributes
                0x0000033f       0x37 ./gecko_sdk_3.1.1/platform/emlib/src/em_emu.o
 .ARM.attributes
                0x00000376       0x37 ./gecko_sdk_3.1.1/platform/emlib/src/em_gpio.o
 .ARM.attributes
                0x000003ad       0x37 ./gecko_sdk_3.1.1/platform/emlib/src/em_i2c.o
 .ARM.attributes
                0x000003e4       0x37 ./gecko_sdk_3.1.1/platform/emlib/src/em_ldma.o
 .ARM.attributes
                0x0000041b       0x37 ./gecko_sdk_3.1.1/platform/emlib/src/em_letimer.o
 .ARM.attributes
                0x00000452       0x37 ./gecko_sdk_3.1.1/platform/emlib/src/em_timer.o
 .ARM.attributes
                0x00000489       0x37 ./gecko_sdk_3.1.1/platform/emlib/src/em_usart.o
 .ARM.attributes
                0x000004c0       0x37 ./gecko_sdk_3.1.1/platform/service/device_init/src/sl_device_init_dcdc_s1.o
 .ARM.attributes
                0x000004f7       0x37 ./gecko_sdk_3.1.1/platform/service/device_init/src/sl_device_init_emu_s1.o
 .ARM.attributes
                0x0000052e       0x37 ./gecko_sdk_3.1.1/platform/service/device_init/src/sl_device_init_hfxo_s1.o
 .ARM.attributes
                0x00000565       0x37 ./gecko_sdk_3.1.1/platform/service/device_init/src/sl_device_init_lfxo_s1.o
 .ARM.attributes
                0x0000059c       0x37 ./gecko_sdk_3.1.1/platform/service/device_init/src/sl_device_init_nvic.o
 .ARM.attributes
                0x000005d3       0x37 ./gecko_sdk_3.1.1/platform/service/system/src/sl_system_init.o
 .ARM.attributes
                0x0000060a       0x37 ./gecko_sdk_3.1.1/platform/service/system/src/sl_system_process_action.o
 .ARM.attributes
                0x00000641       0x37 ./gecko_sdk_3.1.1/platform/service/udelay/src/sl_udelay.o
 .ARM.attributes
                0x00000678       0x25 ./gecko_sdk_3.1.1/platform/service/udelay/src/sl_udelay_armv6m_gcc.o
 .ARM.attributes
                0x0000069d       0x37 ./main.o
 .ARM.attributes
                0x000006d4       0x37 ./src/HW_delay.o
 .ARM.attributes
                0x0000070b       0x37 ./src/SI7021.o
 .ARM.attributes
                0x00000742       0x37 ./src/adc.o
 .ARM.attributes
                0x00000779       0x37 ./src/app.o
 .ARM.attributes
                0x000007b0       0x37 ./src/battery.o
 .ARM.attributes
                0x000007e7       0x37 ./src/bmp280.o
 .ARM.attributes
                0x0000081e       0x37 ./src/cmu.o
 .ARM.attributes
                0x00000855       0x37 ./src/gpio.o
 .ARM.attributes
                0x0000088c       0x37 ./src/i2c.o
 .ARM.attributes
                0x000008c3       0x37 ./src/letimer.o
 .ARM.attributes
                0x000008fa       0x37 ./src/scheduler.o
 .ARM.attributes
                0x00000931       0x37 ./src/sleep_routines.o
 .ARM.attributes
                0x00000968       0x37 ./src/timer.o
 .ARM.attributes
                0x0000099f       0x37 ./src/usart.o
 .ARM.attributes
                0x000009d6       0x37 ./src/ws2812b.o
 .ARM.attributes
                0x00000a0d       0x37 ./src/POV/font.o
 .ARM.attributes
                0x00000a44       0x37 ./src/POV/pov.o
 .ARM.attributes